05-14 23:33:51.446  1172  1172 D TaplEvents: TIS / TouchInteractionService.onInputEvent: MotionEvent { action=ACTION_DOWN, actionButton=0, id[0]=0, x[0]=592.96484, y[0]=634.9365, toolType[0]=TOOL_TYPE_FINGER, buttonState=0, classification=NONE, metaState=0, flags=0x0, edgeFlags=0x0, pointerCount=1, historySize=0, eventTime=13405961, downTime=13405961, deviceId=4, source=0x5002, displayId=0, eventId=597030510 }
05-14 23:33:51.475  1172  1172 D TaplEvents: TIS / TouchInteractionService.onInputEvent: MotionEvent { action=ACTION_UP, actionButton=0, id[0]=0, x[0]=592.96484, y[0]=975.95215, toolType[0]=TOOL_TYPE_FINGER, buttonState=0, classification=NONE, metaState=0, flags=0x0, edgeFlags=0x0, pointerCount=1, historySize=0, eventTime=13405991, downTime=13405961, deviceId=4, source=0x5002, displayId=0, eventId=801507270 }
05-14 23:33:51.475  1172  1172 D TaplEvents: TIS / TouchInteractionService.onInputEvent: MotionEvent { action=ACTION_DOWN, actionButton=0, id[0]=0, x[0]=592.96484, y[0]=634.9365, toolType[0]=TOOL_TYPE_FINGER, buttonState=0, classification=NONE, metaState=0, flags=0x0, edgeFlags=0x0, pointerCount=1, historySize=0, eventTime=13405991, downTime=13405991, deviceId=4, source=0x5002, displayId=0, eventId=1044895579 }
05-14 23:33:51.489  1172  1172 D TaplEvents: TIS / TouchInteractionService.onInputEvent: MotionEvent { action=ACTION_UP, actionButton=0, id[0]=0, x[0]=592.96484, y[0]=881.9092, toolType[0]=TOOL_TYPE_FINGER, buttonState=0, classification=NONE, metaState=0, flags=0x0, edgeFlags=0x0, pointerCount=1, historySize=0, eventTime=13406005, downTime=13405991, deviceId=4, source=0x5002, displayId=0, eventId=580629515 }
05-14 23:33:51.489  1172  1172 D TaplEvents: TIS / TouchInteractionService.onInputEvent: MotionEvent { action=ACTION_DOWN, actionButton=0, id[0]=0, x[0]=592.96484, y[0]=634.9365, toolType[0]=TOOL_TYPE_FINGER, buttonState=0, classification=NONE, metaState=0, flags=0x0, edgeFlags=0x0, pointerCount=1, historySize=0, eventTime=13406005, downTime=13406005, deviceId=4, source=0x5002, displayId=0, eventId=188648669 }
05-14 23:33:51.511  1172  1172 D TaplEvents: TIS / TouchInteractionService.onInputEvent: MotionEvent { action=ACTION_UP, actionButton=0, id[0]=0, x[0]=592.96484, y[0]=994.9219, toolType[0]=TOOL_TYPE_FINGER, buttonState=0, classification=NONE, metaState=0, flags=0x0, edgeFlags=0x0, pointerCount=1, historySize=0, eventTime=13406028, downTime=13406005, deviceId=4, source=0x5002, displayId=0, eventId=1034113027 }
05-14 23:33:51.512  1172  1172 D TaplEvents: TIS / TouchInteractionService.onInputEvent: MotionEvent { action=ACTION_DOWN, actionButton=0, id[0]=0, x[0]=592.96484, y[0]=634.9365, toolType[0]=TOOL_TYPE_FINGER, buttonState=0, classification=NONE, metaState=0, flags=0x0, edgeFlags=0x0, pointerCount=1, historySize=0, eventTime=13406028, downTime=13406028, deviceId=4, source=0x5002, displayId=0, eventId=258817694 }
05-14 23:33:51.519  1172  1172 D TaplEvents: TIS / TouchInteractionService.onInputEvent: MotionEvent { action=ACTION_UP, actionButton=0, id[0]=0, x[0]=592.96484, y[0]=1059.9609, toolType[0]=TOOL_TYPE_FINGER, buttonState=0, classification=NONE, metaState=0, flags=0x0, edgeFlags=0x0, pointerCount=1, historySize=0, eventTime=13406035, downTime=13406028, deviceId=4, source=0x5002, displayId=0, eventId=381588239 }
05-14 23:33:51.519  1172  1172 D TaplEvents: TIS / TouchInteractionService.onInputEvent: MotionEvent { action=ACTION_DOWN, actionButton=0, id[0]=0, x[0]=592.96484, y[0]=634.9365, toolType[0]=TOOL_TYPE_FINGER, buttonState=0, classification=NONE, metaState=0, flags=0x0, edgeFlags=0x0, pointerCount=1, historySize=0, eventTime=13406035, downTime=13406035, deviceId=4, source=0x5002, displayId=0, eventId=331964900 }
05-14 23:33:51.541  1172  1172 D TaplEvents: TIS / TouchInteractionService.onInputEvent: MotionEvent { action=ACTION_UP, actionButton=0, id[0]=0, x[0]=592.96484, y[0]=1096.9482, toolType[0]=TOOL_TYPE_FINGER, buttonState=0, classification=NONE, metaState=0, flags=0x0, edgeFlags=0x0, pointerCount=1, historySize=0, eventTime=13406057, downTime=13406035, deviceId=4, source=0x5002, displayId=0, eventId=567605643 }
05-14 23:33:51.542  1172  1172 D TaplEvents: TIS / TouchInteractionService.onInputEvent: MotionEvent { action=ACTION_DOWN, actionButton=0, id[0]=0, x[0]=592.96484, y[0]=634.9365, toolType[0]=TOOL_TYPE_FINGER, buttonState=0, classification=NONE, metaState=0, flags=0x0, edgeFlags=0x0, pointerCount=1, historySize=0, eventTime=13406057, downTime=13406057, deviceId=4, source=0x5002, displayId=0, eventId=423865991 }
05-14 23:33:51.547  1172  1172 D TaplEvents: TIS / TouchInteractionService.onInputEvent: MotionEvent { action=ACTION_UP, actionButton=0, id[0]=0, x[0]=592.96484, y[0]=1130.9326, toolType[0]=TOOL_TYPE_FINGER, buttonState=0, classification=NONE, metaState=0, flags=0x0, edgeFlags=0x0, pointerCount=1, historySize=0, eventTime=13406064, downTime=13406057, deviceId=4, source=0x5002, displayId=0, eventId=126568115 }
05-14 23:33:51.547  1172  1172 D TaplEvents: TIS / TouchInteractionService.onInputEvent: MotionEvent { action=ACTION_DOWN, actionButton=0, id[0]=0, x[0]=592.96484, y[0]=634.9365, toolType[0]=TOOL_TYPE_FINGER, buttonState=0, classification=NONE, metaState=0, flags=0x0, edgeFlags=0x0, pointerCount=1, historySize=0, eventTime=13406064, downTime=13406064, deviceId=4, source=0x5002, displayId=0, eventId=809285890 }
05-14 23:33:51.563  1172  1172 D TaplEvents: TIS / TouchInteractionService.onInputEvent: MotionEvent { action=ACTION_UP, actionButton=0, id[0]=0, x[0]=592.96484, y[0]=1149.9023, toolType[0]=TOOL_TYPE_FINGER, buttonState=0, classification=NONE, metaState=0, flags=0x0, edgeFlags=0x0, pointerCount=1, historySize=0, eventTime=13406078, downTime=13406064, deviceId=4, source=0x5002, displayId=0, eventId=579695269 }
05-14 23:33:51.564  1172  1172 D TaplEvents: TIS / TouchInteractionService.onInputEvent: MotionEvent { action=ACTION_DOWN, actionButton=0, id[0]=0, x[0]=592.96484, y[0]=634.9365, toolType[0]=TOOL_TYPE_FINGER, buttonState=0, classification=NONE, metaState=0, flags=0x0, edgeFlags=0x0, pointerCount=1, historySize=0, eventTime=13406078, downTime=13406078, deviceId=4, source=0x5002, displayId=0, eventId=632529438 }
05-14 23:33:51.578  1172  1172 D TaplEvents: TIS / TouchInteractionService.onInputEvent: MotionEvent { action=ACTION_UP, actionButton=0, id[0]=0, x[0]=592.96484, y[0]=1141.919, toolType[0]=TOOL_TYPE_FINGER, buttonState=0, classification=NONE, metaState=0, flags=0x0, edgeFlags=0x0, pointerCount=1, historySize=0, eventTime=13406093, downTime=13406078, deviceId=4, source=0x5002, displayId=0, eventId=447348872 }
05-14 23:33:51.578  1172  1172 D TaplEvents: TIS / TouchInteractionService.onInputEvent: MotionEvent { action=ACTION_DOWN, actionButton=0, id[0]=0, x[0]=592.96484, y[0]=634.9365, toolType[0]=TOOL_TYPE_FINGER, buttonState=0, classification=NONE, metaState=0, flags=0x0, edgeFlags=0x0, pointerCount=1, historySize=0, eventTime=13406093, downTime=13406093, deviceId=4, source=0x5002, displayId=0, eventId=523643920 }
05-14 23:33:51.598  1172  1172 D TaplEvents: TIS / TouchInteractionService.onInputEvent: MotionEvent { action=ACTION_UP, actionButton=0, id[0]=0, x[0]=592.96484, y[0]=1112.915, toolType[0]=TOOL_TYPE_FINGER, buttonState=0, classification=NONE, metaState=0, flags=0x0, edgeFlags=0x0, pointerCount=1, historySize=0, eventTime=13406114, downTime=13406093, deviceId=4, source=0x5002, displayId=0, eventId=601540164 }
05-14 23:33:51.598  1172  1172 D TaplEvents: TIS / TouchInteractionService.onInputEvent: MotionEvent { action=ACTION_DOWN, actionButton=0, id[0]=0, x[0]=592.96484, y[0]=634.9365, toolType[0]=TOOL_TYPE_FINGER, buttonState=0, classification=NONE, metaState=0, flags=0x0, edgeFlags=0x0, pointerCount=1, historySize=0, eventTime=13406114, downTime=13406114, deviceId=4, source=0x5002, displayId=0, eventId=908115192 }
05-14 23:33:51.891  1172  1172 D TaplEvents: TIS / TouchInteractionService.onInputEvent: MotionEvent { action=ACTION_UP, actionButton=0, id[0]=0, x[0]=592.96484, y[0]=2398.9014, toolType[0]=TOOL_TYPE_FINGER, buttonState=0, classification=NONE, metaState=0, flags=0x0, edgeFlags=0x0, pointerCount=1, historySize=0, eventTime=13406405, downTime=13406114, deviceId=4, source=0x5002, displayId=0, eventId=701004718 }
05-14 23:33:53.725  6735  6735 D BoundBrokerSvc: onUnbind: Intent { act=com.google.firebase.dynamiclinks.service.START pkg=com.google.android.gms }
05-14 23:33:53.885  1172  1172 D TaplEvents: TIS / TouchInteractionService.onInputEvent: MotionEvent { action=ACTION_DOWN, actionButton=0, id[0]=0, x[0]=724.9658, y[0]=195.92285, toolType[0]=TOOL_TYPE_FINGER, buttonState=0, classification=NONE, metaState=0, flags=0x0, edgeFlags=0x0, pointerCount=1, historySize=0, eventTime=13408396, downTime=13408396, deviceId=4, source=0x5002, displayId=0, eventId=923838508 }
05-14 23:33:53.972 12479 12500 D EGL_emulation: app_time_stats: avg=558.25ms min=9.94ms max=7612.62ms count=14
05-14 23:33:54.011  1172  1172 D TaplEvents: TIS / TouchInteractionService.onInputEvent: MotionEvent { action=ACTION_UP, actionButton=0, id[0]=0, x[0]=724.9658, y[0]=195.92285, toolType[0]=TOOL_TYPE_FINGER, buttonState=0, classification=NONE, metaState=0, flags=0x0, edgeFlags=0x0, pointerCount=1, historySize=0, eventTime=13408528, downTime=13408396, deviceId=4, source=0x5002, displayId=0, eventId=490494973 }
05-14 23:33:54.040 12479 12479 W WindowOnBackDispatcher: OnBackInvokedCallback is not enabled for the application.
05-14 23:33:54.040 12479 12479 W WindowOnBackDispatcher: Set 'android:enableOnBackInvokedCallback="true"' in the application manifest.
05-14 23:33:54.218 12479 12479 I StorageUtils: /data/user/0/com.example.creditcardapp/files is writable
05-14 23:33:54.261 12479 12479 I StorageUtils: /storage/emulated/0/Android/data/com.example.creditcardapp/files is writable
05-14 23:33:54.261 12479 12479 I StorageUtils: /data/user/0/com.example.creditcardapp/files is writable
05-14 23:33:54.262 12479 12479 I StorageUtils: /storage/emulated/0/Android/data/com.example.creditcardapp/files is writable
05-14 23:33:54.262 12479 12479 I StorageUtils: /data/user/0/com.example.creditcardapp/files/osmdroid is writable
05-14 23:33:54.292   548  2216 D CompatibilityChangeReporter: Compat change id reported: 261072174; UID 10194; state: ENABLED
05-14 23:33:54.293   548  2216 W ProcessStats: Tracking association SourceState{bd24810 com.example.creditcardapp/10194 BTop #19017} whose proc state 2 is better than process ProcessState{55d02ce com.google.android.gms.persistent/10128 pkg=com.google.android.gms} proc state 4 (93 skipped)
05-14 23:33:54.295  6711  6792 D BtGatt.ScanManager: uid 10128 isForeground true scanMode -1
05-14 23:33:54.295  6711  6792 D BtGatt.ScanManager: uid 10128 isForeground true scanMode -1
05-14 23:33:54.405  5559  5618 W SystemServiceRegistry: No service published for: wifirtt
05-14 23:33:54.442   548  1850 W AlarmManager: Alarms must either supply a PendingIntent or an AlarmReceiver
05-14 23:33:54.978 12479 12500 D EGL_emulation: app_time_stats: avg=7.07ms min=1.22ms max=35.30ms count=59
05-14 23:33:55.242   548  2216 D WifiNl80211Manager: Scan result ready event
05-14 23:33:55.242   548  2216 D WifiNative: Scan result ready event
05-14 23:33:55.286  5559 12288 W GLSUser : [DeviceKeyStore] Cannot load key: Device key file not found.
05-14 23:33:55.295   548  2216 D ActivityManager: sync unfroze 8574 com.google.android.gms.unstable for 6
05-14 23:33:55.379  8574 10162 W libc    : Access denied finding property "persist.adb.tls_server.enable"
05-14 23:33:55.380  8574 10162 W libc    : Access denied finding property "service.adb.tls.port"
05-14 23:33:55.381   360 12540 I resolv  : GetAddrInfoHandler::run: {102 786534 102 983142 10128 0}
05-14 23:33:55.377  8574  8574 W binder:8574_7: type=1400 audit(0.0:224): avc:  denied  { read } for  name="u:object_r:system_adbd_prop:s0" dev="tmpfs" ino=292 scontext=u:r:gmscore_app:s0:c512,c768 tcontext=u:object_r:system_adbd_prop:s0 tclass=file permissive=0 app=com.google.android.gms
05-14 23:33:55.377  8574  8574 W binder:8574_7: type=1400 audit(0.0:225): avc:  denied  { read } for  name="u:object_r:adbd_prop:s0" dev="tmpfs" ino=60 scontext=u:r:gmscore_app:s0:c512,c768 tcontext=u:object_r:adbd_prop:s0 tclass=file permissive=0 app=com.google.android.gms
05-14 23:33:55.393  8574 10162 D TrafficStats: tagSocket(85) with statsTag=0x1809, statsUid=-1
05-14 23:33:55.442  5559 12288 W GmsUrlRequestImpl: Content-Type header is overwritten.
05-14 23:33:55.446   360 12541 I resolv  : GetAddrInfoHandler::run: {102 786534 102 983142 10128 0}
05-14 23:33:55.448   360 12542 I resolv  : res_nmkquery: (QUERY, IN, AAAA)
05-14 23:33:55.450   360 12543 I resolv  : res_nmkquery: (QUERY, IN, A)
05-14 23:33:55.832   177 12505 I keystore2: system/security/keystore2/src/watchdog.rs:319 - Watchdog thread idle -> terminating. Have a great day.
05-14 23:33:55.907   360 12543 I resolv  : res_nsend: used send_dg 192 terrno: 0
05-14 23:33:55.907   360 12542 I resolv  : res_nsend: used send_dg 240 terrno: 0
05-14 23:33:55.907   360 12543 I resolv  : doQuery: rcode=0, ancount=4, return value=192
05-14 23:33:55.907   360 12542 I resolv  : doQuery: rcode=0, ancount=4, return value=240
05-14 23:33:55.916  5559  5813 D TrafficStats: tagSocket(86) with statsTag=0x401, statsUid=10128
05-14 23:33:56.000 12479 12500 D EGL_emulation: app_time_stats: avg=2.93ms min=1.12ms max=16.37ms count=60
05-14 23:33:56.488  5559 12288 W GLSUser : [AppCertManager] Exception while requesting key: 
05-14 23:33:56.488  5559 12288 W GLSUser : java.util.concurrent.ExecutionException: avvw: Parse Proto Exception.
05-14 23:33:56.488  5559 12288 W GLSUser : 	at dlnv.s(:com.google.android.gms@231818047@23.18.18 (190800-535401451):3)
05-14 23:33:56.488  5559 12288 W GLSUser : 	at dlnv.get(:com.google.android.gms@231818047@23.18.18 (190800-535401451):7)
05-14 23:33:56.488  5559 12288 W GLSUser : 	at oub.b(:com.google.android.gms@231818047@23.18.18 (190800-535401451):78)
05-14 23:33:56.488  5559 12288 W GLSUser : 	at otz.a(:com.google.android.gms@231818047@23.18.18 (190800-535401451):8)
05-14 23:33:56.488  5559 12288 W GLSUser : 	at otv.a(:com.google.android.gms@231818047@23.18.18 (190800-535401451):0)
05-14 23:33:56.488  5559 12288 W GLSUser : 	at otx.a(:com.google.android.gms@231818047@23.18.18 (190800-535401451):6)
05-14 23:33:56.488  5559 12288 W GLSUser : 	at otx.b(:com.google.android.gms@231818047@23.18.18 (190800-535401451):0)
05-14 23:33:56.488  5559 12288 W GLSUser : 	at abxk.r(:com.google.android.gms@231818047@23.18.18 (190800-535401451):1)
05-14 23:33:56.488  5559 12288 W GLSUser : 	at abxw.e(:com.google.android.gms@231818047@23.18.18 (190800-535401451):4)
05-14 23:33:56.488  5559 12288 W GLSUser : 	at abxw.g(:com.google.android.gms@231818047@23.18.18 (190800-535401451):0)
05-14 23:33:56.488  5559 12288 W GLSUser : 	at cyeg.a(:com.google.android.gms@231818047@23.18.18 (190800-535401451):27)
05-14 23:33:56.488  5559 12288 W GLSUser : 	at czpd.call(:com.google.android.gms@231818047@23.18.18 (190800-535401451):78)
05-14 23:33:56.488  5559 12288 W GLSUser : 	at java.util.concurrent.FutureTask.run(FutureTask.java:264)
05-14 23:33:56.488  5559 12288 W GLSUser : 	at aced.c(:com.google.android.gms@231818047@23.18.18 (190800-535401451):6)
05-14 23:33:56.488  5559 12288 W GLSUser : 	at aced.run(:com.google.android.gms@231818047@23.18.18 (190800-535401451):7)
05-14 23:33:56.488  5559 12288 W GLSUser : 	at java.util.concurrent.ThreadPoolExecutor.runWorker(ThreadPoolExecutor.java:1145)
05-14 23:33:56.488  5559 12288 W GLSUser : 	at java.util.concurrent.ThreadPoolExecutor$Worker.run(ThreadPoolExecutor.java:644)
05-14 23:33:56.488  5559 12288 W GLSUser : 	at acjn.run(:com.google.android.gms@231818047@23.18.18 (190800-535401451):0)
05-14 23:33:56.488  5559 12288 W GLSUser : 	at java.lang.Thread.run(Thread.java:1012)
05-14 23:33:56.488  5559 12288 W GLSUser : Caused by: avvw: Parse Proto Exception.
05-14 23:33:56.488  5559 12288 W GLSUser : 	at avwn.f(:com.google.android.gms@231818047@23.18.18 (190800-535401451):5)
05-14 23:33:56.488  5559 12288 W GLSUser : 	at avxk.onSucceeded(:com.google.android.gms@231818047@23.18.18 (190800-535401451):0)
05-14 23:33:56.488  5559 12288 W GLSUser : 	at jf.onSucceeded(:com.google.android.gms.dynamite_cronetdynamite@231818047@23.18.18 (190800-0):0)
05-14 23:33:56.488  5559 12288 W GLSUser : 	at ie.run(:com.google.android.gms.dynamite_cronetdynamite@231818047@23.18.18 (190800-0):4)
05-14 23:33:56.488  5559 12288 W GLSUser : 	... 6 more
05-14 23:33:56.488  5559 12288 W GLSUser : Caused by: dzfz: Protocol message contained an invalid tag (zero).
05-14 23:33:56.488  5559 12288 W GLSUser : 	at dzdb.k(:com.google.android.gms@231818047@23.18.18 (190800-535401451):13)
05-14 23:33:56.488  5559 12288 W GLSUser : 	at dzha.c(:com.google.android.gms@231818047@23.18.18 (190800-535401451):47)
05-14 23:33:56.488  5559 12288 W GLSUser : 	at dzha.h(:com.google.android.gms@231818047@23.18.18 (190800-535401451):45)
05-14 23:33:56.488  5559 12288 W GLSUser : 	at dzfd.A(:com.google.android.gms@231818047@23.18.18 (190800-535401451):2)
05-14 23:33:56.488  5559 12288 W GLSUser : 	at dzex.f(:com.google.android.gms@231818047@23.18.18 (190800-535401451):0)
05-14 23:33:56.488  5559 12288 W GLSUser : 	at dzcx.d(:com.google.android.gms@231818047@23.18.18 (190800-535401451):0)
05-14 23:33:56.488  5559 12288 W GLSUser : 	at dzcx.c(:com.google.android.gms@231818047@23.18.18 (190800-535401451):0)
05-14 23:33:56.488  5559 12288 W GLSUser : 	at dzcx.n(:com.google.android.gms@231818047@23.18.18 (190800-535401451):0)
05-14 23:33:56.488  5559 12288 W GLSUser : 	at avwn.h(:com.google.android.gms@231818047@23.18.18 (190800-535401451):7)
05-14 23:33:56.488  5559 12288 W GLSUser : 	at avwn.f(:com.google.android.gms@231818047@23.18.18 (190800-535401451):1)
05-14 23:33:56.488  5559 12288 W GLSUser : 	... 9 more
05-14 23:33:56.492  5559 12288 W GLSUser : [DeviceKeyStore] Cannot load key: Device key file not found.
05-14 23:33:56.496   360 12545 I resolv  : GetAddrInfoHandler::run: {102 786534 102 983142 10128 0}
05-14 23:33:56.496   360 12546 I resolv  : res_nmkquery: (QUERY, IN, AAAA)
05-14 23:33:56.496   360 12547 I resolv  : res_nmkquery: (QUERY, IN, A)
05-14 23:33:56.534   360 12547 I resolv  : res_nsend: used send_dg 475 terrno: 0
05-14 23:33:56.537   360 12547 I resolv  : doQuery: rcode=0, ancount=10, return value=475
05-14 23:33:56.567   360 12546 I resolv  : res_nsend: used send_dg 265 terrno: 0
05-14 23:33:56.567   360 12546 I resolv  : doQuery: rcode=0, ancount=4, return value=265
05-14 23:33:56.577  5559 12413 D TrafficStats: tagSocket(141) with statsTag=0x24000609, statsUid=10125
05-14 23:33:56.626 12479 12479 E FrameTracker: force finish cuj, time out: J<IME_INSETS_ANIMATION::1@1@com.example.creditcardapp>
05-14 23:33:56.627 12479 12479 W FrameTracker: Missed SF frame:PREDICTION_ERROR, 3867004, 0, CUJ=J<IME_INSETS_ANIMATION::1@1@com.example.creditcardapp>
05-14 23:33:56.627 12479 12479 W FrameTracker: Missed SF frame:PREDICTION_ERROR, 3867012, 0, CUJ=J<IME_INSETS_ANIMATION::1@1@com.example.creditcardapp>
05-14 23:33:56.628 12479 12479 W FrameTracker: Missed SF frame:PREDICTION_ERROR, 3867027, 0, CUJ=J<IME_INSETS_ANIMATION::1@1@com.example.creditcardapp>
05-14 23:33:56.628 12479 12479 W FrameTracker: Missed SF frame:PREDICTION_ERROR, 3867042, 0, CUJ=J<IME_INSETS_ANIMATION::1@1@com.example.creditcardapp>
05-14 23:33:56.630 12479 12479 W FrameTracker: Missed SF frame:PREDICTION_ERROR, 3867057, 0, CUJ=J<IME_INSETS_ANIMATION::1@1@com.example.creditcardapp>
05-14 23:33:56.630 12479 12479 W FrameTracker: Missed SF frame:PREDICTION_ERROR, 3867072, 0, CUJ=J<IME_INSETS_ANIMATION::1@1@com.example.creditcardapp>
05-14 23:33:56.630 12479 12479 W FrameTracker: Missed SF frame:PREDICTION_ERROR, 3867087, 0, CUJ=J<IME_INSETS_ANIMATION::1@1@com.example.creditcardapp>
05-14 23:33:56.630 12479 12479 W FrameTracker: Missed SF frame:PREDICTION_ERROR, 3867102, 0, CUJ=J<IME_INSETS_ANIMATION::1@1@com.example.creditcardapp>
05-14 23:33:56.630 12479 12479 W FrameTracker: Missed SF frame:PREDICTION_ERROR, 3867117, 0, CUJ=J<IME_INSETS_ANIMATION::1@1@com.example.creditcardapp>
05-14 23:33:56.632 12479 12479 W FrameTracker: Missed SF frame:PREDICTION_ERROR, 3867132, 0, CUJ=J<IME_INSETS_ANIMATION::1@1@com.example.creditcardapp>
05-14 23:33:56.632 12479 12479 W FrameTracker: Missed SF frame:PREDICTION_ERROR, 3867154, 0, CUJ=J<IME_INSETS_ANIMATION::1@1@com.example.creditcardapp>
05-14 23:33:56.632 12479 12479 W FrameTracker: Missed SF frame:PREDICTION_ERROR, 3867169, 0, CUJ=J<IME_INSETS_ANIMATION::1@1@com.example.creditcardapp>
05-14 23:33:56.632 12479 12479 W FrameTracker: Missed SF frame:PREDICTION_ERROR, 3867184, 0, CUJ=J<IME_INSETS_ANIMATION::1@1@com.example.creditcardapp>
05-14 23:33:56.632 12479 12479 W FrameTracker: Missed SF frame:PREDICTION_ERROR, 3867199, 0, CUJ=J<IME_INSETS_ANIMATION::1@1@com.example.creditcardapp>
05-14 23:33:56.633 12479 12479 W FrameTracker: Missed SF frame:PREDICTION_ERROR, 3867214, 0, CUJ=J<IME_INSETS_ANIMATION::1@1@com.example.creditcardapp>
05-14 23:33:56.633 12479 12479 W FrameTracker: Missed SF frame:PREDICTION_ERROR, 3867229, 0, CUJ=J<IME_INSETS_ANIMATION::1@1@com.example.creditcardapp>
05-14 23:33:56.636 12479 12516 V PerfettoTrigger: Triggering /system/bin/trigger_perfetto com.android.telemetry.interaction-jank-monitor-69
05-14 23:33:57.000 12479 12500 D EGL_emulation: app_time_stats: avg=6.85ms min=1.01ms max=21.05ms count=56
05-14 23:33:57.067  5559 12413 W Conscrypt: Could not set socket write timeout: java.net.SocketException: Socket closed
05-14 23:33:57.067  5559 12413 W Conscrypt: 	at com.google.android.gms.org.conscrypt.Platform.setSocketWriteTimeout(:com.google.android.gms@231818047@23.18.18 (190800-535401451):2)
05-14 23:33:57.067  5559 12413 W Conscrypt: 	at com.google.android.gms.org.conscrypt.ConscryptFileDescriptorSocket.setSoWriteTimeout(:com.google.android.gms@231818047@23.18.18 (190800-535401451):0)
05-14 23:33:57.564  5559 12413 W Conscrypt: Could not set socket write timeout: java.net.SocketException: Socket closed
05-14 23:33:57.564  5559 12413 W Conscrypt: 	at com.google.android.gms.org.conscrypt.Platform.setSocketWriteTimeout(:com.google.android.gms@231818047@23.18.18 (190800-535401451):2)
05-14 23:33:57.564  5559 12413 W Conscrypt: 	at com.google.android.gms.org.conscrypt.ConscryptFileDescriptorSocket.setSoWriteTimeout(:com.google.android.gms@231818047@23.18.18 (190800-535401451):0)
05-14 23:33:57.605  5559 12288 W GlsClientGrpc: Voilatile gRPC failure INVALID_ARGUMENT: Application credential header not valid. Please fix the client to pass a valid application credential header. [CONTEXT service_id=6 ]
05-14 23:33:57.605  5559 12288 W GlsClientGrpc: enms: INVALID_ARGUMENT: Application credential header not valid. Please fix the client to pass a valid application credential header.
05-14 23:33:57.605  5559 12288 W GlsClientGrpc: 	at enmr.h(:com.google.android.gms@231818047@23.18.18 (190800-535401451):0)
05-14 23:33:57.605  5559 12288 W GlsClientGrpc: 	at abxw.u(:com.google.android.gms@231818047@23.18.18 (190800-535401451):2)
05-14 23:33:57.605  5559 12288 W GlsClientGrpc: 	at abxw.e(:com.google.android.gms@231818047@23.18.18 (190800-535401451):17)
05-14 23:33:57.605  5559 12288 W GlsClientGrpc: 	at abxw.g(:com.google.android.gms@231818047@23.18.18 (190800-535401451):0)
05-14 23:33:57.605  5559 12288 W GlsClientGrpc: 	at cyeg.a(:com.google.android.gms@231818047@23.18.18 (190800-535401451):27)
05-14 23:33:57.605  5559 12288 W GlsClientGrpc: 	at czpd.call(:com.google.android.gms@231818047@23.18.18 (190800-535401451):78)
05-14 23:33:57.605  5559 12288 W GlsClientGrpc: 	at java.util.concurrent.FutureTask.run(FutureTask.java:264)
05-14 23:33:57.605  5559 12288 W GlsClientGrpc: 	at aced.c(:com.google.android.gms@231818047@23.18.18 (190800-535401451):6)
05-14 23:33:57.605  5559 12288 W GlsClientGrpc: 	at aced.run(:com.google.android.gms@231818047@23.18.18 (190800-535401451):7)
05-14 23:33:57.605  5559 12288 W GlsClientGrpc: 	at java.util.concurrent.ThreadPoolExecutor.runWorker(ThreadPoolExecutor.java:1145)
05-14 23:33:57.605  5559 12288 W GlsClientGrpc: 	at java.util.concurrent.ThreadPoolExecutor$Worker.run(ThreadPoolExecutor.java:644)
05-14 23:33:57.605  5559 12288 W GlsClientGrpc: 	at acjn.run(:com.google.android.gms@231818047@23.18.18 (190800-535401451):0)
05-14 23:33:57.605  5559 12288 W GlsClientGrpc: 	at java.lang.Thread.run(Thread.java:1012)
05-14 23:33:58.013 12479 12500 D EGL_emulation: app_time_stats: avg=3.70ms min=1.08ms max=12.25ms count=61
05-14 23:33:58.100   894   894 D StatusBarIconController: ignoring old pipeline callbacks, because the new mobile icons are enabled
05-14 23:33:58.106   894   962 D EGL_emulation: app_time_stats: avg=1308.05ms min=8.65ms max=20299.09ms count=16
05-14 23:33:58.308   894   894 D StatusBarIconController: ignoring old pipeline callback because the new wifi icon is enabled
05-14 23:33:59.017 12479 12500 D EGL_emulation: app_time_stats: avg=5.02ms min=1.00ms max=23.99ms count=59
05-14 23:33:59.462   548  2216 W AlarmManager: Alarms must either supply a PendingIntent or an AlarmReceiver
05-14 23:33:59.498  5559 12288 W GLSUser : [DeviceKeyStore] Cannot load key: Device key file not found.
05-14 23:33:59.498  5559 12288 W GLSUser : [DeviceKeyStore] Cannot load key: Device key file not found.
05-14 23:33:59.558  5559 12288 W GlsClientGrpc: Voilatile gRPC failure INVALID_ARGUMENT: Application credential header not valid. Please fix the client to pass a valid application credential header. [CONTEXT service_id=6 ]
05-14 23:33:59.558  5559 12288 W GlsClientGrpc: enms: INVALID_ARGUMENT: Application credential header not valid. Please fix the client to pass a valid application credential header.
05-14 23:33:59.558  5559 12288 W GlsClientGrpc: 	at enmr.h(:com.google.android.gms@231818047@23.18.18 (190800-535401451):0)
05-14 23:33:59.558  5559 12288 W GlsClientGrpc: 	at abxw.u(:com.google.android.gms@231818047@23.18.18 (190800-535401451):2)
05-14 23:33:59.558  5559 12288 W GlsClientGrpc: 	at abxw.e(:com.google.android.gms@231818047@23.18.18 (190800-535401451):17)
05-14 23:33:59.558  5559 12288 W GlsClientGrpc: 	at abxw.g(:com.google.android.gms@231818047@23.18.18 (190800-535401451):0)
05-14 23:33:59.558  5559 12288 W GlsClientGrpc: 	at cyeg.a(:com.google.android.gms@231818047@23.18.18 (190800-535401451):27)
05-14 23:33:59.558  5559 12288 W GlsClientGrpc: 	at czpd.call(:com.google.android.gms@231818047@23.18.18 (190800-535401451):78)
05-14 23:33:59.558  5559 12288 W GlsClientGrpc: 	at java.util.concurrent.FutureTask.run(FutureTask.java:264)
05-14 23:33:59.558  5559 12288 W GlsClientGrpc: 	at aced.c(:com.google.android.gms@231818047@23.18.18 (190800-535401451):6)
05-14 23:33:59.558  5559 12288 W GlsClientGrpc: 	at aced.run(:com.google.android.gms@231818047@23.18.18 (190800-535401451):7)
05-14 23:33:59.558  5559 12288 W GlsClientGrpc: 	at java.util.concurrent.ThreadPoolExecutor.runWorker(ThreadPoolExecutor.java:1145)
05-14 23:33:59.558  5559 12288 W GlsClientGrpc: 	at java.util.concurrent.ThreadPoolExecutor$Worker.run(ThreadPoolExecutor.java:644)
05-14 23:33:59.558  5559 12288 W GlsClientGrpc: 	at acjn.run(:com.google.android.gms@231818047@23.18.18 (190800-535401451):0)
05-14 23:33:59.558  5559 12288 W GlsClientGrpc: 	at java.lang.Thread.run(Thread.java:1012)
05-14 23:34:00.029 12479 12500 D EGL_emulation: app_time_stats: avg=6.85ms min=1.08ms max=22.53ms count=54
05-14 23:34:00.052   894   962 D EGL_emulation: app_time_stats: avg=1946.81ms min=1946.81ms max=1946.81ms count=1
05-14 23:34:00.053  1763  2185 I AiAiEcho: Predicting[0]: 
05-14 23:34:00.053  1763  2185 I AiAiEcho: EchoTargets: 
05-14 23:34:00.053  1763  2185 I AiAiEcho: Filtered by AiAi flag check: 
05-14 23:34:00.055  1763  2185 I AiAiEcho: Ranked targets strategy: SORT, count: 0, ranking metadata: 
05-14 23:34:00.058  1763  2185 I AiAiEcho: #postPredictionTargets: Sending updates to UISurface lockscreen with targets# 0 (types=[])
05-14 23:34:00.066   894   894 W PageIndicator: Total number of pages invalid: 0. Assuming 1 page.
05-14 23:34:00.112  6735  6808 I PhenotypeProcessReaper: Memory state is: 400
05-14 23:34:00.112  6735  6808 I PhenotypeProcessReaper: Killing process to refresh experiment configuration
05-14 23:34:00.112  6735  6808 I Process : Sending signal. PID: 6735 SIG: 9
05-14 23:34:00.189   548   883 I ActivityManager: Process com.google.android.gms (pid 6735) has died: cch+5 CEM 
05-14 23:34:00.193   548   581 I libprocessgroup: Successfully killed process cgroup uid 10128 pid 6735 in 0ms
05-14 23:34:00.196   548   883 W ActivityManager: Scheduling restart of crashed service com.google.android.gms/.chimera.GmsBoundBrokerService in 1000ms for connection
05-14 23:34:00.198   548   824 D ConnectivityService: releasing NetworkRequest [ REQUEST id=276, [ Capabilities: INTERNET&NOT_RESTRICTED&TRUSTED&NOT_VCN_MANAGED Uid: 10128 RequestorUid: 10128 RequestorPkg: com.google.android.gms UnderlyingNetworks: Null] ] (release request)
05-14 23:34:00.200   361   361 I Zygote  : Process 6735 exited due to signal 9 (Killed)
05-14 23:34:01.033 12479 12500 D EGL_emulation: app_time_stats: avg=5.46ms min=1.00ms max=18.99ms count=56
05-14 23:34:01.197   548   579 D CompatibilityChangeReporter: Compat change id reported: 135634846; UID 10128; state: DISABLED
05-14 23:34:01.199   548   580 D CompatibilityChangeReporter: Compat change id reported: 143937733; UID 10128; state: ENABLED
05-14 23:34:01.218   361   361 D Zygote  : Forked child process 12552
05-14 23:34:01.219   548   580 I ActivityManager: Start proc 12552:com.google.android.gms/u0a128 for service {com.google.android.gms/com.google.android.gms.chimera.GmsBoundBrokerService}
05-14 23:34:01.259 12552 12552 I gle.android.gms: Using CollectorTypeCC GC.
05-14 23:34:01.264 12552 12552 W gle.android.gms: Unexpected CPU variant for x86: x86_64.
05-14 23:34:01.264 12552 12552 W gle.android.gms: Known variants: atom, sandybridge, silvermont, goldmont, goldmont-plus, tremont, kabylake, default
05-14 23:34:01.280 12552 12552 E gle.android.gms: Not starting debugger since process cannot load the jdwp agent.
05-14 23:34:01.290   548   883 D CompatibilityChangeReporter: Compat change id reported: 168419799; UID 10128; state: DISABLED
05-14 23:34:01.290   548   883 D CompatibilityChangeReporter: Compat change id reported: 273564678; UID 10128; state: DISABLED
05-14 23:34:01.308 12552 12552 D CompatibilityChangeReporter: Compat change id reported: 171979766; UID 10128; state: ENABLED
05-14 23:34:01.308 12552 12552 D CompatibilityChangeReporter: Compat change id reported: 242716250; UID 10128; state: DISABLED
05-14 23:34:01.310   548   883 D CompatibilityChangeReporter: Compat change id reported: 170503758; UID 10128; state: ENABLED
05-14 23:34:01.321 12552 12552 D nativeloader: Configuring clns-6 for other apk /system/framework/org.apache.http.legacy.jar. target_sdk_version=33, uses_libraries=ALL, library_path=/product/priv-app/PrebuiltGmsCore/lib/x86_64:/product/priv-app/PrebuiltGmsCore/PrebuiltGmsCore.apk!/lib/x86_64, permitted_path=/data:/mnt/expand:/data/user/0/com.google.android.gms
05-14 23:34:01.329 12552 12552 D nativeloader: Configuring clns-7 for other apk /system/framework/com.android.media.remotedisplay.jar. target_sdk_version=33, uses_libraries=ALL, library_path=/product/priv-app/PrebuiltGmsCore/lib/x86_64:/product/priv-app/PrebuiltGmsCore/PrebuiltGmsCore.apk!/lib/x86_64, permitted_path=/data:/mnt/expand:/data/user/0/com.google.android.gms
05-14 23:34:01.334 12552 12552 D nativeloader: Configuring clns-8 for other apk /system/framework/com.android.location.provider.jar. target_sdk_version=33, uses_libraries=ALL, library_path=/product/priv-app/PrebuiltGmsCore/lib/x86_64:/product/priv-app/PrebuiltGmsCore/PrebuiltGmsCore.apk!/lib/x86_64, permitted_path=/data:/mnt/expand:/data/user/0/com.google.android.gms
05-14 23:34:01.335 12552 12552 D ApplicationLoaders: Returning zygote-cached class loader: /system_ext/framework/androidx.window.extensions.jar
05-14 23:34:01.335 12552 12552 D ApplicationLoaders: Returning zygote-cached class loader: /system_ext/framework/androidx.window.sidecar.jar
05-14 23:34:01.446 12552 12552 D nativeloader: InitLlndkLibrariesProduct: libEGL.so:libGLESv1_CM.so:libGLESv2.so:libGLESv3.so:libRS.so:libandroid_net.so:libbinder_ndk.so:libc.so:libcgrouprc.so:libclang_rt.asan-x86_64-android.so:libcom.android.tethering.connectivity_native.so:libdl.so:libft2.so:liblog.so:libm.so:libmediandk.so:libnativewindow.so:libneuralnetworks.so:libselinux.so:libsync.so:libvndksupport.so:libvulkan.so
05-14 23:34:01.446 12552 12552 D nativeloader: Configuring product-clns-9 for unbundled product apk /product/priv-app/PrebuiltGmsCore/PrebuiltGmsCore.apk. target_sdk_version=33, uses_libraries=, library_path=/product/priv-app/PrebuiltGmsCore/lib/x86_64:/product/priv-app/PrebuiltGmsCore/PrebuiltGmsCore.apk!/lib/x86_64:/product/lib64:/system/product/lib64, permitted_path=/data:/mnt/expand:/data/user/0/com.google.android.gms:/product/lib64:/system/product/lib64
05-14 23:34:01.451 12552 12552 D nativeloader: InitVndkspLibrariesProduct: android.hardware.common-V2-ndk.so:android.hardware.common.fmq-V1-ndk.so:android.hardware.graphics.allocator-V2-ndk.so:android.hardware.graphics.common-V4-ndk.so:android.hardware.graphics.common@1.0.so:android.hardware.graphics.common@1.1.so:android.hardware.graphics.common@1.2.so:android.hardware.graphics.composer3-V1-ndk.so:android.hardware.graphics.mapper@2.0.so:android.hardware.graphics.mapper@2.1.so:android.hardware.graphics.mapper@3.0.so:android.hardware.graphics.mapper@4.0.so:android.hardware.renderscript@1.0.so:android.hidl.memory.token@1.0.so:android.hidl.memory@1.0-impl.so:android.hidl.memory@1.0.so:android.hidl.safe_union@1.0.so:libRSCpuRef.so:libRSDriver.so:libRS_internal.so:libbase.so:libbcinfo.so:libblas.so:libc++.so:libcompiler_rt.so:libcutils.so:libdmabufheap.so:libgralloctypes.so:libhardware.so:libhidlbase.so:libhidlmemory.so:libion.so:libjsoncpp.so:liblzma.so:libprocessgroup.so:libunwindstack.so:libutils.so:libutilscallstack.so:libz.so
05-14 23:34:01.465 12552 12552 V GraphicsEnvironment: Currently set values for:
05-14 23:34:01.465 12552 12552 V GraphicsEnvironment:   angle_gl_driver_selection_pkgs=[]
05-14 23:34:01.465 12552 12552 V GraphicsEnvironment:   angle_gl_driver_selection_values=[]
05-14 23:34:01.466 12552 12552 V GraphicsEnvironment: ANGLE GameManagerService for com.google.android.gms: false
05-14 23:34:01.466 12552 12552 V GraphicsEnvironment: com.google.android.gms is not listed in per-application setting
05-14 23:34:01.466 12552 12552 V GraphicsEnvironment: Neither updatable production driver nor prerelease driver is supported.
05-14 23:34:01.494   548   883 D ActivityManager: sync unfroze 7485 com.google.process.gservices for 7
05-14 23:34:01.550 12552 12552 W ProviderHelper: Unknown dynamite feature providerinstaller.dynamite
05-14 23:34:01.551 12552 12552 I DynamiteModule: Considering local module com.google.android.gms.providerinstaller.dynamite:1 and remote module com.google.android.gms.providerinstaller.dynamite:0
05-14 23:34:01.551 12552 12552 I DynamiteModule: Selected local version of com.google.android.gms.providerinstaller.dynamite
05-14 23:34:01.558 12552 12552 V NativeCrypto: Registering com/google/android/gms/org/conscrypt/NativeCrypto's 295 native methods...
05-14 23:34:01.567 12552 12552 I ProviderInstaller: Installed default security provider GmsCore_OpenSSL
05-14 23:34:01.587 12552 12582 I Watchcat: Started
05-14 23:34:01.589 12552 12582 I GMS_MM_Logger: Start time: 216249
05-14 23:34:01.589 12552 12582 I GMS_MM_Logger: Started.
05-14 23:34:01.592 12552 12552 D CompatibilityChangeReporter: Compat change id reported: 183155436; UID 10128; state: ENABLED
05-14 23:34:01.592 12552 12552 I GmsApplication: [gms_startup_benchmark] Static start time (ms): 13415988, Startup latency (ms): 121, Is system user: true
05-14 23:34:01.592 12552 12552 I cuir    : Primes not initialized, returning default (no-op) Primes instance which will ignore all calls. Please call Primes.initialize(...) before using any Primes API.
05-14 23:34:01.593   548  2278 I ActivityManager: Flag disabled. Ignoring finishAttachApplication from uid: 10128. pid: 12552
05-14 23:34:01.645 12552 12552 D BoundBrokerSvc: onBind: Intent { act=com.google.android.mobstore.service.START pkg=com.google.android.gms }
05-14 23:34:01.645 12552 12552 D BoundBrokerSvc: Loading bound service for intent: Intent { act=com.google.android.mobstore.service.START pkg=com.google.android.gms }
05-14 23:34:02.045 12479 12500 D EGL_emulation: app_time_stats: avg=4.27ms min=1.17ms max=16.75ms count=60
05-14 23:34:03.059 12479 12500 D EGL_emulation: app_time_stats: avg=2.47ms min=1.18ms max=11.52ms count=61
05-14 23:34:03.436   882   882 I wpa_supplicant: wlan0: CTRL-EVENT-BEACON-LOSS 
05-14 23:34:04.074 12479 12500 D EGL_emulation: app_time_stats: avg=2.31ms min=1.18ms max=7.98ms count=61
05-14 23:34:04.314   894   894 D StatusBarIconController: ignoring old pipeline callback because the new wifi icon is enabled
05-14 23:34:04.471   548   883 W AlarmManager: Alarms must either supply a PendingIntent or an AlarmReceiver
05-14 23:34:04.487   548  2278 W ProcessStats: Tracking association SourceState{bd24810 com.example.creditcardapp/10194 BTop #19051} whose proc state 2 is better than process ProcessState{55d02ce com.google.android.gms.persistent/10128 pkg=com.google.android.gms} proc state 4 (35 skipped)
05-14 23:34:04.503  5559 12288 W GLSUser : [DeviceKeyStore] Cannot load key: Device key file not found.
05-14 23:34:04.504  5559 12288 W GLSUser : [DeviceKeyStore] Cannot load key: Device key file not found.
05-14 23:34:04.543  5559 12288 W GlsClientGrpc: Voilatile gRPC failure INVALID_ARGUMENT: Application credential header not valid. Please fix the client to pass a valid application credential header. [CONTEXT service_id=6 ]
05-14 23:34:04.543  5559 12288 W GlsClientGrpc: enms: INVALID_ARGUMENT: Application credential header not valid. Please fix the client to pass a valid application credential header.
05-14 23:34:04.543  5559 12288 W GlsClientGrpc: 	at enmr.h(:com.google.android.gms@231818047@23.18.18 (190800-535401451):0)
05-14 23:34:04.543  5559 12288 W GlsClientGrpc: 	at abxw.u(:com.google.android.gms@231818047@23.18.18 (190800-535401451):2)
05-14 23:34:04.543  5559 12288 W GlsClientGrpc: 	at abxw.e(:com.google.android.gms@231818047@23.18.18 (190800-535401451):17)
05-14 23:34:04.543  5559 12288 W GlsClientGrpc: 	at abxw.g(:com.google.android.gms@231818047@23.18.18 (190800-535401451):0)
05-14 23:34:04.543  5559 12288 W GlsClientGrpc: 	at cyeg.a(:com.google.android.gms@231818047@23.18.18 (190800-535401451):27)
05-14 23:34:04.543  5559 12288 W GlsClientGrpc: 	at czpd.call(:com.google.android.gms@231818047@23.18.18 (190800-535401451):78)
05-14 23:34:04.543  5559 12288 W GlsClientGrpc: 	at java.util.concurrent.FutureTask.run(FutureTask.java:264)
05-14 23:34:04.543  5559 12288 W GlsClientGrpc: 	at aced.c(:com.google.android.gms@231818047@23.18.18 (190800-535401451):6)
05-14 23:34:04.543  5559 12288 W GlsClientGrpc: 	at aced.run(:com.google.android.gms@231818047@23.18.18 (190800-535401451):7)
05-14 23:34:04.543  5559 12288 W GlsClientGrpc: 	at java.util.concurrent.ThreadPoolExecutor.runWorker(ThreadPoolExecutor.java:1145)
05-14 23:34:04.543  5559 12288 W GlsClientGrpc: 	at java.util.concurrent.ThreadPoolExecutor$Worker.run(ThreadPoolExecutor.java:644)
05-14 23:34:04.543  5559 12288 W GlsClientGrpc: 	at acjn.run(:com.google.android.gms@231818047@23.18.18 (190800-535401451):0)
05-14 23:34:04.543  5559 12288 W GlsClientGrpc: 	at java.lang.Thread.run(Thread.java:1012)
05-14 23:34:05.077 12479 12500 D EGL_emulation: app_time_stats: avg=2.70ms min=1.18ms max=9.22ms count=60
05-14 23:34:06.105 12479 12500 D EGL_emulation: app_time_stats: avg=2.21ms min=1.06ms max=9.32ms count=61
05-14 23:34:07.105 12479 12500 D EGL_emulation: app_time_stats: avg=2.58ms min=1.19ms max=9.17ms count=61
05-14 23:34:07.157   548   636 D ActivityManager: freezing 1699 com.google.android.apps.wellbeing
05-14 23:34:07.158   548   636 D ActivityManager: freezing 8218 com.android.keychain
05-14 23:34:07.159   548   636 D ActivityManager: freezing 9987 com.android.settings
05-14 23:34:07.317   894   894 D StatusBarIconController: ignoring old pipeline callback because the new wifi icon is enabled
05-14 23:34:08.077   894   894 D StatusBarIconController: ignoring old pipeline callbacks, because the new mobile icons are enabled
05-14 23:34:08.117 12479 12500 D EGL_emulation: app_time_stats: avg=2.97ms min=1.16ms max=8.46ms count=60
05-14 23:34:09.126 12479 12500 D EGL_emulation: app_time_stats: avg=2.67ms min=1.20ms max=8.40ms count=61
05-14 23:34:09.480   548   564 W AlarmManager: Alarms must either supply a PendingIntent or an AlarmReceiver
05-14 23:34:09.491  5559 12413 W GLSUser : [DeviceKeyStore] Cannot load key: Device key file not found.
05-14 23:34:09.491  5559 12413 W GLSUser : [DeviceKeyStore] Cannot load key: Device key file not found.
05-14 23:34:09.531  5559 12413 W GlsClientGrpc: Voilatile gRPC failure INVALID_ARGUMENT: Application credential header not valid. Please fix the client to pass a valid application credential header. [CONTEXT service_id=6 ]
05-14 23:34:09.531  5559 12413 W GlsClientGrpc: enms: INVALID_ARGUMENT: Application credential header not valid. Please fix the client to pass a valid application credential header.
05-14 23:34:09.531  5559 12413 W GlsClientGrpc: 	at enmr.h(:com.google.android.gms@231818047@23.18.18 (190800-535401451):0)
05-14 23:34:09.531  5559 12413 W GlsClientGrpc: 	at abxw.u(:com.google.android.gms@231818047@23.18.18 (190800-535401451):2)
05-14 23:34:09.531  5559 12413 W GlsClientGrpc: 	at abxw.e(:com.google.android.gms@231818047@23.18.18 (190800-535401451):17)
05-14 23:34:09.531  5559 12413 W GlsClientGrpc: 	at abxw.g(:com.google.android.gms@231818047@23.18.18 (190800-535401451):0)
05-14 23:34:09.531  5559 12413 W GlsClientGrpc: 	at cyeg.a(:com.google.android.gms@231818047@23.18.18 (190800-535401451):27)
05-14 23:34:09.531  5559 12413 W GlsClientGrpc: 	at czpd.call(:com.google.android.gms@231818047@23.18.18 (190800-535401451):78)
05-14 23:34:09.531  5559 12413 W GlsClientGrpc: 	at java.util.concurrent.FutureTask.run(FutureTask.java:264)
05-14 23:34:09.531  5559 12413 W GlsClientGrpc: 	at aced.c(:com.google.android.gms@231818047@23.18.18 (190800-535401451):6)
05-14 23:34:09.531  5559 12413 W GlsClientGrpc: 	at aced.run(:com.google.android.gms@231818047@23.18.18 (190800-535401451):7)
05-14 23:34:09.531  5559 12413 W GlsClientGrpc: 	at java.util.concurrent.ThreadPoolExecutor.runWorker(ThreadPoolExecutor.java:1145)
05-14 23:34:09.531  5559 12413 W GlsClientGrpc: 	at java.util.concurrent.ThreadPoolExecutor$Worker.run(ThreadPoolExecutor.java:644)
05-14 23:34:09.531  5559 12413 W GlsClientGrpc: 	at acjn.run(:com.google.android.gms@231818047@23.18.18 (190800-535401451):0)
05-14 23:34:09.531  5559 12413 W GlsClientGrpc: 	at java.lang.Thread.run(Thread.java:1012)
05-14 23:34:10.130 12479 12500 D EGL_emulation: app_time_stats: avg=2.34ms min=1.17ms max=9.05ms count=60
05-14 23:34:10.456   548   636 D ActivityManager: freezing 8574 com.google.android.gms.unstable
05-14 23:34:11.144 12479 12500 D EGL_emulation: app_time_stats: avg=2.46ms min=1.14ms max=11.96ms count=61
05-14 23:34:11.374   882   882 I wpa_supplicant: wlan0: CTRL-EVENT-BEACON-LOSS 
05-14 23:34:11.659   548   636 D ActivityManager: freezing 12552 com.google.android.gms
05-14 23:34:11.661   548   636 D ActivityManager: freezing 7485 com.google.process.gservices
05-14 23:34:12.145 12479 12500 D EGL_emulation: app_time_stats: avg=2.94ms min=1.29ms max=17.46ms count=60
05-14 23:34:13.150 12479 12500 D EGL_emulation: app_time_stats: avg=2.85ms min=1.27ms max=9.48ms count=60
05-14 23:34:13.329   894   894 D StatusBarIconController: ignoring old pipeline callback because the new wifi icon is enabled
05-14 23:34:14.158 12479 12500 D EGL_emulation: app_time_stats: avg=2.30ms min=1.19ms max=9.06ms count=61
05-14 23:34:14.498   548   564 W AlarmManager: Alarms must either supply a PendingIntent or an AlarmReceiver
05-14 23:34:14.515   548  2278 W ProcessStats: Tracking association SourceState{bd24810 com.example.creditcardapp/10194 BTop #19072} whose proc state 2 is better than process ProcessState{55d02ce com.google.android.gms.persistent/10128 pkg=com.google.android.gms} proc state 4 (8 skipped)
05-14 23:34:14.522  5559 12413 W GLSUser : [DeviceKeyStore] Cannot load key: Device key file not found.
05-14 23:34:14.522  5559 12413 W GLSUser : [DeviceKeyStore] Cannot load key: Device key file not found.
05-14 23:34:14.560  5559 12413 W GlsClientGrpc: Voilatile gRPC failure INVALID_ARGUMENT: Application credential header not valid. Please fix the client to pass a valid application credential header. [CONTEXT service_id=6 ]
05-14 23:34:14.560  5559 12413 W GlsClientGrpc: enms: INVALID_ARGUMENT: Application credential header not valid. Please fix the client to pass a valid application credential header.
05-14 23:34:14.560  5559 12413 W GlsClientGrpc: 	at enmr.h(:com.google.android.gms@231818047@23.18.18 (190800-535401451):0)
05-14 23:34:14.560  5559 12413 W GlsClientGrpc: 	at abxw.u(:com.google.android.gms@231818047@23.18.18 (190800-535401451):2)
05-14 23:34:14.560  5559 12413 W GlsClientGrpc: 	at abxw.e(:com.google.android.gms@231818047@23.18.18 (190800-535401451):17)
05-14 23:34:14.560  5559 12413 W GlsClientGrpc: 	at abxw.g(:com.google.android.gms@231818047@23.18.18 (190800-535401451):0)
05-14 23:34:14.560  5559 12413 W GlsClientGrpc: 	at cyeg.a(:com.google.android.gms@231818047@23.18.18 (190800-535401451):27)
05-14 23:34:14.560  5559 12413 W GlsClientGrpc: 	at czpd.call(:com.google.android.gms@231818047@23.18.18 (190800-535401451):78)
05-14 23:34:14.560  5559 12413 W GlsClientGrpc: 	at java.util.concurrent.FutureTask.run(FutureTask.java:264)
05-14 23:34:14.560  5559 12413 W GlsClientGrpc: 	at aced.c(:com.google.android.gms@231818047@23.18.18 (190800-535401451):6)
05-14 23:34:14.560  5559 12413 W GlsClientGrpc: 	at aced.run(:com.google.android.gms@231818047@23.18.18 (190800-535401451):7)
05-14 23:34:14.560  5559 12413 W GlsClientGrpc: 	at java.util.concurrent.ThreadPoolExecutor.runWorker(ThreadPoolExecutor.java:1145)
05-14 23:34:14.560  5559 12413 W GlsClientGrpc: 	at java.util.concurrent.ThreadPoolExecutor$Worker.run(ThreadPoolExecutor.java:644)
05-14 23:34:14.560  5559 12413 W GlsClientGrpc: 	at acjn.run(:com.google.android.gms@231818047@23.18.18 (190800-535401451):0)
05-14 23:34:14.560  5559 12413 W GlsClientGrpc: 	at java.lang.Thread.run(Thread.java:1012)
05-14 23:34:15.173 12479 12500 D EGL_emulation: app_time_stats: avg=2.42ms min=1.20ms max=10.84ms count=61
05-14 23:34:15.335   548   632 W CpuMonitorService: Current CPU frequency (2079979) is greater than maximum CPU frequency (2) for policy ID (0). Skipping CPU frequency policy
05-14 23:34:15.335   548   632 W CpuMonitorService: Current CPU frequency (2100248) is greater than maximum CPU frequency (2) for policy ID (1). Skipping CPU frequency policy
05-14 23:34:15.335   548   632 W CpuMonitorService: Current CPU frequency (2100658) is greater than maximum CPU frequency (2) for policy ID (3). Skipping CPU frequency policy
05-14 23:34:16.175 12479 12500 D EGL_emulation: app_time_stats: avg=2.74ms min=1.20ms max=15.01ms count=59
05-14 23:34:16.334   894   894 D StatusBarIconController: ignoring old pipeline callback because the new wifi icon is enabled
05-14 23:34:17.185 12479 12500 D EGL_emulation: app_time_stats: avg=4.81ms min=1.18ms max=15.20ms count=59
05-14 23:34:18.076   894   894 D StatusBarIconController: ignoring old pipeline callbacks, because the new mobile icons are enabled
05-14 23:34:18.199 12479 12500 D EGL_emulation: app_time_stats: avg=6.10ms min=1.11ms max=20.96ms count=56
05-14 23:34:19.231 12479 12500 D EGL_emulation: app_time_stats: avg=5.63ms min=1.22ms max=20.98ms count=55
05-14 23:34:19.307   882   882 I wpa_supplicant: wlan0: CTRL-EVENT-BEACON-LOSS 
05-14 23:34:19.343   894   894 D StatusBarIconController: ignoring old pipeline callback because the new wifi icon is enabled
05-14 23:34:19.506  5559  5618 W SystemServiceRegistry: No service published for: wifirtt
05-14 23:34:19.539   548   564 W AlarmManager: Alarms must either supply a PendingIntent or an AlarmReceiver
05-14 23:34:20.249 12479 12500 D EGL_emulation: app_time_stats: avg=7.14ms min=1.33ms max=20.44ms count=54
05-14 23:34:20.330   548   564 D WifiNl80211Manager: Scan result ready event
05-14 23:34:20.330   548   564 D WifiNative: Scan result ready event
05-14 23:34:20.370  5559 12413 W GLSUser : [DeviceKeyStore] Cannot load key: Device key file not found.
05-14 23:34:20.370  5559 12413 W GLSUser : [DeviceKeyStore] Cannot load key: Device key file not found.
05-14 23:34:20.426  5559 12413 W GlsClientGrpc: Voilatile gRPC failure INVALID_ARGUMENT: Application credential header not valid. Please fix the client to pass a valid application credential header. [CONTEXT service_id=6 ]
05-14 23:34:20.426  5559 12413 W GlsClientGrpc: enms: INVALID_ARGUMENT: Application credential header not valid. Please fix the client to pass a valid application credential header.
05-14 23:34:20.426  5559 12413 W GlsClientGrpc: 	at enmr.h(:com.google.android.gms@231818047@23.18.18 (190800-535401451):0)
05-14 23:34:20.426  5559 12413 W GlsClientGrpc: 	at abxw.u(:com.google.android.gms@231818047@23.18.18 (190800-535401451):2)
05-14 23:34:20.426  5559 12413 W GlsClientGrpc: 	at abxw.e(:com.google.android.gms@231818047@23.18.18 (190800-535401451):17)
05-14 23:34:20.426  5559 12413 W GlsClientGrpc: 	at abxw.g(:com.google.android.gms@231818047@23.18.18 (190800-535401451):0)
05-14 23:34:20.426  5559 12413 W GlsClientGrpc: 	at cyeg.a(:com.google.android.gms@231818047@23.18.18 (190800-535401451):27)
