05-14 23:33:26.985  6711  6792 D BtGatt.ScanManager: uid 10128 isForeground true scanMode -1
05-14 23:33:26.985  6711  6792 D BtGatt.ScanManager: uid 10128 isForeground true scanMode -1
05-14 23:33:26.990  1905  1905 I A       : Created gRPC endpoint to "search" for service class com.google.android.apps.search.googleapp.search.suggest.plugins.onesearch.server.OneSearchSuggestService
05-14 23:33:26.993   548  6206 W OpenGLRenderer: Failed to choose config with EGL_SWAP_BEHAVIOR_PRESERVED, retrying without...
05-14 23:33:26.994   548  6206 W OpenGLRenderer: Failed to initialize 101010-2 format, error = EGL_SUCCESS
05-14 23:33:26.969     0     0 I BpBinder: onLastStrongRef automatically unlinking death recipients:
05-14 23:33:26.973     0     0 I servicemanager: Notifying artd they do (previously: don't) have clients when service is guaranteed to be in use
05-14 23:33:26.994 12427 12429 I AidlLazyServiceRegistrar: Process has 1 (of 1 available) client(s) in use after notification artd has clients: 1
05-14 23:33:26.997  1905  3080 W A       : Account id is not cached
05-14 23:33:26.998  1763  2185 I AiAiEcho: Predicting[0]: 
05-14 23:33:26.999  1763  2185 I AiAiEcho: EchoTargets: 
05-14 23:33:26.999  1763  2185 I AiAiEcho: Filtered by AiAi flag check: 
05-14 23:33:26.999  1905  3080 I A       : Using proto config with mendel
05-14 23:33:26.999  1763  2185 I AiAiEcho: Ranked targets strategy: SORT, count: 0, ranking metadata: 
05-14 23:33:27.000  1905  3080 I A       : Using proto config with mendel
05-14 23:33:27.001  1905  3080 I A       : Using proto config with mendel
05-14 23:33:27.001  1905  3080 I A       : Merging legacy hotword config map with new proto.
05-14 23:33:27.001  1905  3080 I A       : Adding from config to map. Locale: cmn-Hant-TW modelPrefix: x_google Location:4e7cae00daee30ec565c34e3aa67a51f isSpeakerIdSupported: true
05-14 23:33:27.001  1905  3080 I A       : Adding from config to map. Locale: id-ID modelPrefix: x_google Location:cfffcc1a4c1c084c003c8eb27f73d770 isSpeakerIdSupported: true
05-14 23:33:27.001  1905  3080 I A       : Adding from config to map. Locale: ko-KR modelPrefix: x_google Location:0b132163a2eb2c1194b202067475724b isSpeakerIdSupported: true
05-14 23:33:27.001  1905  3080 I A       : Skipping. Expected model: 2 Found: 1
05-14 23:33:27.001  1905  3080 I A       : Adding from config to map. Locale: zh-TW modelPrefix: x_google Location:4e7cae00daee30ec565c34e3aa67a51f isSpeakerIdSupported: true
05-14 23:33:27.002  1905  3080 I A       : Using proto config with mendel
05-14 23:33:27.003  1763  2185 I AiAiEcho: #postPredictionTargets: Sending updates to UISurface home with targets# 0 (types=[])
05-14 23:33:27.004  1905  3080 I A       : Using proto config with mendel
05-14 23:33:27.004  1905  3080 I A       : Using proto config with mendel
05-14 23:33:27.022   548  2583 D ActivityManager: sync unfroze 6735 com.google.android.gms for 6
05-14 23:33:27.035   548   609 I ActivityManager: Force stopping com.example.creditcardapp appid=10194 user=0: pkg removed
05-14 23:33:27.050  1905  3080 I MicroDetectionState: Should stop hotword detection immediately - true
05-14 23:33:27.054  1905  3080 I MicroDetectionState: Should stop hotword detection immediately - true
05-14 23:33:27.056  1905  3080 I A       : Using proto config with mendel
05-14 23:33:27.057  1905  3080 I A       : Using proto config with mendel
05-14 23:33:27.060   548  6206 E FrameEvents: updateAcquireFence: Did not find frame.
05-14 23:33:27.064  1172  1172 D SearchTargetUtil:  query= size=15
05-14 23:33:27.065  1172  1172 D SearchTargetUtil: layoutType=short_icon_row resultType=131072 packageName=com.google.android.googlequicksearchbox extras=Bundle{suggestion_type=33,suggest_truncate_start=false,is_answer=false,is_entity=false,is_personal=false,suggest_raw_text=nfl schedule,group_id=web323797,response_id=47eb9d89-65db-4765-a606-21f7180b2ea6,support_query_builder=false,} searchAction=nfl schedule searchActionExtras=Bundle{learn_more_url=https://support.google.com/websearch/answer/106230?hl=106230,suggestion_action_text=Report this,should_start_for_result=true,allow_pinning=true,skip_logging_in_target_handler=false,suggestion_action_rpc=2,}ParentID: null targetID: e2522384-2185-4ba1-bd7f-c5e05cb2bd5d
05-14 23:33:27.065  1172  1172 D SearchTargetUtil: layoutType=short_icon_row resultType=131072 packageName=com.google.android.googlequicksearchbox extras=Bundle{suggestion_type=33,suggest_truncate_start=false,is_answer=false,is_entity=false,is_personal=false,suggest_raw_text=outer banks netflix season 5,group_id=web323797,response_id=47eb9d89-65db-4765-a606-21f7180b2ea6,support_query_builder=false,} searchAction=outer banks netflix season 5 searchActionExtras=Bundle{learn_more_url=https://support.google.com/websearch/answer/106230?hl=106230,suggestion_action_text=Report this,should_start_for_result=true,allow_pinning=true,skip_logging_in_target_handler=false,suggestion_action_rpc=2,}ParentID: null targetID: ccebcbe6-43f3-4d34-a8a2-cae9a97020d8
05-14 23:33:27.066  1172  1172 D SearchTargetUtil: layoutType=short_icon_row resultType=131072 packageName=com.google.android.googlequicksearchbox extras=Bundle{suggestion_type=33,suggest_truncate_start=false,is_answer=false,is_entity=false,is_personal=false,suggest_raw_text=nc budget deal,group_id=web323797,response_id=47eb9d89-65db-4765-a606-21f7180b2ea6,support_query_builder=false,} searchAction=nc budget deal searchActionExtras=Bundle{learn_more_url=https://support.google.com/websearch/answer/106230?hl=106230,suggestion_action_text=Report this,should_start_for_result=true,allow_pinning=true,skip_logging_in_target_handler=false,suggestion_action_rpc=2,}ParentID: null targetID: 35a3061e-9088-459c-baa5-28d099b9f2dc
05-14 23:33:27.066  1172  1172 D SearchTargetUtil: layoutType=short_icon_row resultType=131072 packageName=com.google.android.googlequicksearchbox extras=Bundle{suggestion_type=33,suggest_truncate_start=false,is_answer=false,is_entity=false,is_personal=false,suggest_raw_text=honda hybrid,group_id=web323797,response_id=47eb9d89-65db-4765-a606-21f7180b2ea6,support_query_builder=false,} searchAction=honda hybrid searchActionExtras=Bundle{learn_more_url=https://support.google.com/websearch/answer/106230?hl=106230,suggestion_action_text=Report this,should_start_for_result=true,allow_pinning=true,skip_logging_in_target_handler=false,suggestion_action_rpc=2,}ParentID: null targetID: 1759ed90-bc64-41e9-9499-131d46f0b1e3
05-14 23:33:27.066  1172  1172 D SearchTargetUtil: layoutType=short_icon_row resultType=131072 packageName=com.google.android.googlequicksearchbox extras=Bundle{suggestion_type=33,suggest_truncate_start=false,is_answer=false,is_entity=false,is_personal=false,suggest_raw_text=apple iphone 18 pro max,group_id=web323797,response_id=47eb9d89-65db-4765-a606-21f7180b2ea6,support_query_builder=false,} searchAction=apple iphone 18 pro max searchActionExtras=Bundle{learn_more_url=https://support.google.com/websearch/answer/106230?hl=106230,suggestion_action_text=Report this,should_start_for_result=true,allow_pinning=true,skip_logging_in_target_handler=false,suggestion_action_rpc=2,}ParentID: null targetID: ed446381-9913-4e35-8f54-19468ee66589
05-14 23:33:27.066  1172  1172 D SearchTargetUtil: layoutType=short_icon_row resultType=131072 packageName=com.google.android.googlequicksearchbox extras=Bundle{suggestion_type=33,suggest_truncate_start=false,is_answer=false,is_entity=false,is_personal=false,suggest_raw_text=third ancestral group japanese dna,group_id=web323797,response_id=47eb9d89-65db-4765-a606-21f7180b2ea6,support_query_builder=false,} searchAction=third ancestral group japanese dna searchActionExtras=Bundle{learn_more_url=https://support.google.com/websearch/answer/106230?hl=106230,suggestion_action_text=Report this,should_start_for_result=true,allow_pinning=true,skip_logging_in_target_handler=false,suggestion_action_rpc=2,}ParentID: null targetID: 388fab1b-1eec-4e75-be09-577581aef7ab
05-14 23:33:27.067  1172  1172 D SearchTargetUtil: layoutType=short_icon_row resultType=131072 packageName=com.google.android.googlequicksearchbox extras=Bundle{suggestion_type=33,suggest_truncate_start=false,is_answer=false,is_entity=false,is_personal=false,suggest_raw_text=black aly house of the dragon,group_id=web323797,response_id=47eb9d89-65db-4765-a606-21f7180b2ea6,support_query_builder=false,} searchAction=black aly house of the dragon searchActionExtras=Bundle{learn_more_url=https://support.google.com/websearch/answer/106230?hl=106230,suggestion_action_text=Report this,should_start_for_result=true,allow_pinning=true,skip_logging_in_target_handler=false,suggestion_action_rpc=2,}ParentID: null targetID: d2ddf6f0-10d5-4f49-b217-ba45c205e0bc
05-14 23:33:27.068  1172  1172 D SearchTargetUtil: layoutType=short_icon_row resultType=131072 packageName=com.google.android.googlequicksearchbox extras=Bundle{suggestion_type=33,suggest_truncate_start=false,is_answer=false,is_entity=false,is_personal=false,suggest_raw_text=fbi,group_id=web323797,response_id=47eb9d89-65db-4765-a606-21f7180b2ea6,support_query_builder=false,} searchAction=fbi searchActionExtras=Bundle{learn_more_url=https://support.google.com/websearch/answer/106230?hl=106230,suggestion_action_text=Report this,should_start_for_result=true,allow_pinning=true,skip_logging_in_target_handler=false,suggestion_action_rpc=2,}ParentID: null targetID: d4a2eda8-e2a4-4cef-a565-3d3e529943a2
05-14 23:33:27.068  1172  1172 D SearchTargetUtil: layoutType=short_icon_row resultType=131072 packageName=com.google.android.googlequicksearchbox extras=Bundle{suggestion_type=33,suggest_truncate_start=false,is_answer=false,is_entity=false,is_personal=false,suggest_raw_text=hantavirus outbreak cruise ship,group_id=web323797,response_id=47eb9d89-65db-4765-a606-21f7180b2ea6,support_query_builder=false,} searchAction=hantavirus outbreak cruise ship searchActionExtras=Bundle{learn_more_url=https://support.google.com/websearch/answer/106230?hl=106230,suggestion_action_text=Report this,should_start_for_result=true,allow_pinning=true,skip_logging_in_target_handler=false,suggestion_action_rpc=2,}ParentID: null targetID: 55ad92f2-4fc2-4258-bebb-cdcfe79a63cf
05-14 23:33:27.068  1172  1172 D SearchTargetUtil: layoutType=short_icon_row resultType=131072 packageName=com.google.android.googlequicksearchbox extras=Bundle{suggestion_type=33,suggest_truncate_start=false,is_answer=false,is_entity=false,is_personal=false,suggest_raw_text=fortnite overwatch,group_id=web323797,response_id=47eb9d89-65db-4765-a606-21f7180b2ea6,support_query_builder=false,} searchAction=fortnite overwatch searchActionExtras=Bundle{learn_more_url=https://support.google.com/websearch/answer/106230?hl=106230,suggestion_action_text=Report this,should_start_for_result=true,allow_pinning=true,skip_logging_in_target_handler=false,suggestion_action_rpc=2,}ParentID: null targetID: 1e9b580e-d87b-45f8-b50b-ee88ef3584c9
05-14 23:33:27.068  1172  1172 D SearchTargetUtil: layoutType=short_icon_row resultType=131072 packageName=com.google.android.googlequicksearchbox extras=Bundle{suggestion_type=33,suggest_truncate_start=false,is_answer=false,is_entity=false,is_personal=false,suggest_raw_text=manchester united fa youth cup final,group_id=web323797,response_id=47eb9d89-65db-4765-a606-21f7180b2ea6,support_query_builder=false,} searchAction=manchester united fa youth cup final searchActionExtras=Bundle{learn_more_url=https://support.google.com/websearch/answer/106230?hl=106230,suggestion_action_text=Report this,should_start_for_result=true,allow_pinning=true,skip_logging_in_target_handler=false,suggestion_action_rpc=2,}ParentID: null targetID: 640302b8-5945-4e6a-91c2-deb5eeef1cd9
05-14 23:33:27.069  1172  1172 D SearchTargetUtil: layoutType=short_icon_row resultType=131072 packageName=com.google.android.googlequicksearchbox extras=Bundle{suggestion_type=33,suggest_truncate_start=false,is_answer=false,is_entity=false,is_personal=false,suggest_raw_text=allegiant airlines,group_id=web323797,response_id=47eb9d89-65db-4765-a606-21f7180b2ea6,support_query_builder=false,} searchAction=allegiant airlines searchActionExtras=Bundle{learn_more_url=https://support.google.com/websearch/answer/106230?hl=106230,suggestion_action_text=Report this,should_start_for_result=true,allow_pinning=true,skip_logging_in_target_handler=false,suggestion_action_rpc=2,}ParentID: null targetID: 7879980d-d7af-4bb5-94c1-888b5fd8507b
05-14 23:33:27.069  1172  1172 D SearchTargetUtil: layoutType=short_icon_row resultType=131072 packageName=com.google.android.googlequicksearchbox extras=Bundle{suggestion_type=33,suggest_truncate_start=false,is_answer=false,is_entity=false,is_personal=false,suggest_raw_text=lego lord of the rings minas tirith,group_id=web323797,response_id=47eb9d89-65db-4765-a606-21f7180b2ea6,support_query_builder=false,} searchAction=lego lord of the rings minas tirith searchActionExtras=Bundle{learn_more_url=https://support.google.com/websearch/answer/106230?hl=106230,suggestion_action_text=Report this,should_start_for_result=true,allow_pinning=true,skip_logging_in_target_handler=false,suggestion_action_rpc=2,}ParentID: null targetID: 0b8420f6-d7e3-43c0-8ec5-c01963a3ea4f
05-14 23:33:27.069  1172  1172 D SearchTargetUtil: layoutType=extra_tall_icon_row resultType=131072 packageName=com.google.android.googlequicksearchbox extras=Bundle{bitmap_url=data:image/png;base64,iVBORw0KGgoAAAANSUhEUgAAAHwAAABTCAMAAABqOpNvAAAAGFBMVEX////VKx4AOabLz+UAJaEAOqurMFfYKxfc2Ae0AAAARklEQVRoge3NwQ2AIAAEsFNU9t+YBQjfi0m7QBMAAAB2RlGeotxFcrlcLpfL5XK5/Af5W5SvKLMoV5FcLpfL5XK5XC6XHy2TmzDtgbjHBQAAAABJRU5ErkJggg==,suggestion_type=33,suggest_truncate_start=false,is_answer=false,is_entity=true,is_personal=false,suggest_raw_text=russia,group_id=web323797,response_id=47eb9d89-65db-4765-a606-21f7180b2ea6,support_query_builder=false,} searchAction=Russia searchActionExtras=Bundle{learn_more_url=https://support.google.com/websearch/answer/106230?hl=106230,suggestion_action_text=Report this,should_start_for_result=true,allow_pinning=true,skip_logging_in_target_handler=false,suggestion_action_rpc=2,}ParentID: null targetID: 4c8764ee-23e4-4639-98a2-0b5de5cb2ead
05-14 23:33:27.069  1172  1172 D SearchTargetUtil: layoutType=short_icon_row resultType=131072 packageName=com.google.android.googlequicksearchbox extras=Bundle{suggestion_type=33,suggest_truncate_start=false,is_answer=false,is_entity=false,is_personal=false,suggest_raw_text=auroras,group_id=web323797,response_id=47eb9d89-65db-4765-a606-21f7180b2ea6,support_query_builder=false,} searchAction=auroras searchActionExtras=Bundle{learn_more_url=https://support.google.com/websearch/answer/106230?hl=106230,suggestion_action_text=Report this,should_start_for_result=true,allow_pinning=true,skip_logging_in_target_handler=false,suggestion_action_rpc=2,}ParentID: null targetID: 60155996-f9d9-4b2a-bbbb-4e3c9c2d7ac5
05-14 23:33:27.081   894   937 V WindowManagerShell: onTransitionReady android.os.BinderProxy@9b29775: {id=70 t=CLOSE f=0x0 trk=0 r=[0@Point(0, 0)] c=[{WCT{android.window.IWindowContainerToken$Stub$Proxy@a13402d} m=CLOSE f=NONE leash=Surface(name=Task=30)/@0x72235f1 sb=Rect(0, 0 - 1080, 2400) eb=Rect(0, 0 - 1080, 2400) d=0},{WCT{android.window.IWindowContainerToken$Stub$Proxy@78e3962} m=TO_FRONT f=SHOW_WALLPAPER leash=Surface(name=Task=1)/@0xf6695d6 sb=Rect(0, 0 - 1080, 2400) eb=Rect(0, 0 - 1080, 2400) d=0},{null m=TO_FRONT f=IS_WALLPAPER leash=Surface(name=WallpaperWindowToken{8a5b21c token=android.os.Binder@e929f8f})/@0x9d93057 sb=Rect(0, 0 - 1080, 2400) eb=Rect(0, 0 - 1080, 2400) d=0}]}
05-14 23:33:27.082   894   937 V WindowManagerShell: Playing animation for (#70)android.os.BinderProxy@9b29775@0
05-14 23:33:27.082   894   937 V WindowManagerShell:  try handler com.android.wm.shell.transition.DefaultMixedHandler@21070aa
05-14 23:33:27.082   894   937 V WindowManagerShell:  try handler com.android.wm.shell.keyguard.KeyguardTransitionHandler@cff49b
05-14 23:33:27.082   894   937 V WindowManagerShell:  try handler com.android.wm.shell.activityembedding.ActivityEmbeddingController@ff49038
05-14 23:33:27.082   894   937 V WindowManagerShell:  try handler com.android.wm.shell.recents.RecentsTransitionHandler@262a811
05-14 23:33:27.082   894   937 V ShellRecents: RecentsTransitionHandler.startAnimation: no controller found
05-14 23:33:27.082   894   937 V WindowManagerShell:  try handler com.android.wm.shell.pip.PipTransition@15ced76
05-14 23:33:27.082   894   937 V WindowManagerShell:  try handler com.android.wm.shell.splitscreen.StageCoordinator@42f3f77
05-14 23:33:27.082   894   937 V WindowManagerShell:  try handler com.android.wm.shell.transition.RemoteTransitionHandler@a7e77e4
05-14 23:33:27.082   894   937 V WindowManagerShell: Transition doesn't have explicit remote, search filters for match for {id=70 t=CLOSE f=0x0 trk=0 r=[0@Point(0, 0)] c=[{WCT{android.window.IWindowContainerToken$Stub$Proxy@a13402d} m=CLOSE f=NONE leash=Surface(name=Task=30)/@0x72235f1 sb=Rect(0, 0 - 1080, 2400) eb=Rect(0, 0 - 1080, 2400) d=0},{WCT{android.window.IWindowContainerToken$Stub$Proxy@78e3962} m=TO_FRONT f=SHOW_WALLPAPER leash=Surface(name=Task=1)/@0xf6695d6 sb=Rect(0, 0 - 1080, 2400) eb=Rect(0, 0 - 1080, 2400) d=0},{null m=TO_FRONT f=IS_WALLPAPER leash=Surface(name=WallpaperWindowToken{8a5b21c token=android.os.Binder@e929f8f})/@0x9d93057 sb=Rect(0, 0 - 1080, 2400) eb=Rect(0, 0 - 1080, 2400) d=0}]}
05-14 23:33:27.082   894   937 V WindowManagerShell:  Checking filter Pair{{types=[] flags=0x0] notFlags=0x0 checks=[{atype=dream independent=true modes=[OPEN,TO_FRONT] flags=NONE mustBeTask=false order=ANY topActivity=null},{atype=home independent=true modes=[CLOSE,TO_BACK] flags=NONE mustBeTask=false order=ANY topActivity=null}]} RemoteTransition { remoteTransition = android.window.IRemoteTransition$Stub$Proxy@7fc0702, appThread = android.app.IApplicationThread$Stub$Proxy@dfdc813, debugName = LauncherToDream }}
05-14 23:33:27.082   894   937 V WindowManagerShell:  Checking filter Pair{{types=[] flags=0x0] notFlags=0x100 checks=[{atype=home independent=true modes=[OPEN,TO_FRONT] flags=NONE mustBeTask=false order=TOP topActivity=ComponentInfo{com.google.android.apps.nexuslauncher/com.google.android.apps.nexuslauncher.NexusLauncherActivity}},{atype=standard independent=true modes=[CLOSE,TO_BACK] flags=NONE mustBeTask=false order=ANY topActivity=null}]} RemoteTransition { remoteTransition = android.window.IRemoteTransition$Stub$Proxy@9b62a50, appThread = android.app.IApplicationThread$Stub$Proxy@d549449, debugName = QuickstepLaunchHome }}
05-14 23:33:27.083   894   937 V WindowManagerShell:  Delegate animation for #70 to null
05-14 23:33:27.083   894   937 V WindowManagerShell:  try handler com.android.wm.shell.transition.DefaultTransitionHandler@eb8b44d
05-14 23:33:27.083   894   937 V WindowManagerShell: start default transition animation, info = {id=70 t=CLOSE f=0x0 trk=0 r=[0@Point(0, 0)] c=[{WCT{android.window.IWindowContainerToken$Stub$Proxy@a13402d} m=CLOSE f=NONE leash=Surface(name=Task=30)/@0x72235f1 sb=Rect(0, 0 - 1080, 2400) eb=Rect(0, 0 - 1080, 2400) d=0},{WCT{android.window.IWindowContainerToken$Stub$Proxy@78e3962} m=TO_FRONT f=SHOW_WALLPAPER leash=Surface(name=Task=1)/@0xf6695d6 sb=Rect(0, 0 - 1080, 2400) eb=Rect(0, 0 - 1080, 2400) d=0},{null m=TO_FRONT f=IS_WALLPAPER leash=Surface(name=WallpaperWindowToken{8a5b21c token=android.os.Binder@e929f8f})/@0x9d93057 sb=Rect(0, 0 - 1080, 2400) eb=Rect(0, 0 - 1080, 2400) d=0}]}
05-14 23:33:27.085   894   937 V WindowManagerShell: loadAnimation: anim=android.view.animation.AnimationSet@fba93b0 animAttr=0x10 type=CLOSE isEntrance=true
05-14 23:33:27.086   548   567 V WindowManager: Sent Transition #70 createdAt=05-14 23:33:26.612 via request=TransitionRequestInfo { type = CLOSE, triggerTask = TaskInfo{userId=0 taskId=30 displayId=0 isRunning=false baseIntent=Intent { flg=0x10000000 cmp=com.example.creditcardapp/.MainActivity } baseActivity=null topActivity=null origActivity=null realActivity=ComponentInfo{com.example.creditcardapp/com.example.creditcardapp.MainActivity} numActivities=0 lastActiveTime=12244972 supportsMultiWindow=true resizeMode=1 isResizeable=true minWidth=-1 minHeight=-1 defaultMinSize=220 token=WCT{RemoteToken{568f6b3 Task{fc66baa #30 type=standard A=10194:com.example.creditcardapp}}} topActivityType=1 pictureInPictureParams=null shouldDockBigOverlays=false launchIntoPipHostTaskId=-1 lastParentTaskIdBeforePip=-1 displayCutoutSafeInsets=null topActivityInfo=null launchCookies=[] positionInParent=Point(0, 0) parentTaskId=-1 isFocused=true isVisible=true isVisibleRequested=true isSleeping=false topActivityInSizeCompat=false topActivityEligibleForLetterboxEducation= false topActivityLetterboxed= false isFromDoubleTap= false topActivityLetterboxVerticalPosition= -1 topActivityLetterboxHorizontalPosition= -1 topActivityLetterboxWidth=-1 topActivityLetterboxHeight=-1 locusId=null displayAreaFeatureId=1 cameraCompatControlState=hidden}, remoteTransition = null, displayChange = null }
05-14 23:33:27.086   548   567 V WindowManager:     startWCT=WindowContainerTransaction { changes = {} hops = [] errorCallbackToken=null taskFragmentOrganizer=null }
05-14 23:33:27.086   894   937 V WindowManagerShell: loadAnimation: anim=android.view.animation.AnimationSet@753d34f animAttr=0x11 type=CLOSE isEntrance=false
05-14 23:33:27.086   548   567 V WindowManager:     info={id=70 t=CLOSE f=0x0 trk=0 r=[0@Point(0, 0)] c=[{WCT{RemoteToken{568f6b3 Task{fc66baa #30 type=standard A=10194:com.example.creditcardapp}}} m=CLOSE f=NONE leash=Surface(name=Task=30)/@0x1ce33be sb=Rect(0, 0 - 1080, 2400) eb=Rect(0, 0 - 1080, 2400) d=0},{WCT{RemoteToken{21b08be Task{2970111 #1 type=home}}} m=TO_FRONT f=SHOW_WALLPAPER leash=Surface(name=Task=1)/@0x2d164a7 sb=Rect(0, 0 - 1080, 2400) eb=Rect(0, 0 - 1080, 2400) d=0},{null m=TO_FRONT f=IS_WALLPAPER leash=Surface(name=WallpaperWindowToken{8a5b21c token=android.os.Binder@e929f8f})/@0x7fa243c sb=Rect(0, 0 - 1080, 2400) eb=Rect(0, 0 - 1080, 2400) d=0}]}
05-14 23:33:27.087   894   937 V WindowManagerShell:  animated by com.android.wm.shell.transition.DefaultTransitionHandler@eb8b44d
05-14 23:33:27.088   548   609 I WindowManager:   Force removing ActivityRecord{46f2e95 u0 com.example.creditcardapp/.MainActivity t30 f} isExiting}
05-14 23:33:27.088   548   609 W WindowManager: removeAppToken: Attempted to remove non-existing token: Token{bc5d39b ActivityRecord{46f2e95 u0 com.example.creditcardapp/.MainActivity t30 f} isExiting}}
05-14 23:33:27.096   548   609 D CompatibilityChangeReporter: Compat change id reported: 168419799; UID 10194; state: DISABLED
05-14 23:33:27.097   894   942 W Choreographer: Frame time is 0.007044 ms in the future!  Check that graphics HAL is generating vsync timestamps using the correct timebase.
05-14 23:33:27.109   548   609 D CompatibilityChangeReporter: Compat change id reported: 273564678; UID 10194; state: DISABLED
05-14 23:33:27.113  1905  2676 I A       : Creating in-process transport to InProcessServerAddress[com.google.android.googlequicksearchbox/OnDeviceServer[Hash:142688979]]
05-14 23:33:27.113   548  2216 I ImeTracker: com.google.android.apps.nexuslauncher:993beae7: onRequestHide at ORIGIN_SERVER_HIDE_INPUT reason HIDE_UNSPECIFIED_WINDOW
05-14 23:33:27.114   548  2216 I ImeTracker: com.google.android.apps.nexuslauncher:993beae7: onCancelled at PHASE_SERVER_SHOULD_HIDE
05-14 23:33:27.118  1662  1662 I GoogleInputMethodService: GoogleInputMethodService.onFinishInput():3227 
05-14 23:33:27.119  1662  1662 I GoogleInputMethodService: GoogleInputMethodService.updateDeviceLockedStatus():2087 repeatCheckTimes = 0, unlocked = true
05-14 23:33:27.119  1662  1662 I GoogleInputMethodService: GoogleInputMethodService.onStartInput():1877 onStartInput(EditorInfo{inputType=0x0(NULL) imeOptions=0x0 privateImeOptions=null actionName=UNSPECIFIED actionLabel=null actionId=0 initialSelStart=-1 initialSelEnd=-1 initialCapsMode=0x0 hintText=null label=null packageName=com.google.android.apps.nexuslauncher fieldId=0 fieldName=null extras=null}, false)
05-14 23:33:27.119  1662  1662 I GoogleInputMethodService: GoogleInputMethodService.shouldHideHeaderOnInitialState():4008 ShouldHideHeaderOnInitialState = false
05-14 23:33:27.121  1662  1662 I GoogleInputMethodService: GoogleInputMethodService.updateDeviceLockedStatus():2087 repeatCheckTimes = 2, unlocked = true
05-14 23:33:27.127   548   571 W WindowManager: Failed to deliver inset control state change to w=Window{f20dc60 u0 com.example.creditcardapp/com.example.creditcardapp.MainActivity EXITING}
05-14 23:33:27.127   548   571 W WindowManager: android.os.DeadObjectException
05-14 23:33:27.127   548   571 W WindowManager: 	at android.os.BinderProxy.transactNative(Native Method)
05-14 23:33:27.127   548   571 W WindowManager: 	at android.os.BinderProxy.transact(BinderProxy.java:584)
05-14 23:33:27.127   548   571 W WindowManager: 	at android.view.IWindow$Stub$Proxy.insetsControlChanged(IWindow.java:479)
05-14 23:33:27.127   548   571 W WindowManager: 	at com.android.server.wm.WindowState.notifyInsetsControlChanged(WindowState.java:3802)
05-14 23:33:27.127   548   571 W WindowManager: 	at com.android.server.wm.InsetsStateController.lambda$notifyPendingInsetsControlChanged$3(InsetsStateController.java:343)
05-14 23:33:27.127   548   571 W WindowManager: 	at com.android.server.wm.InsetsStateController.$r8$lambda$8yykPRG1GyNq_J17QvL9d5xANMc(InsetsStateController.java:0)
05-14 23:33:27.127   548   571 W WindowManager: 	at com.android.server.wm.InsetsStateController$$ExternalSyntheticLambda2.run(R8$$SyntheticClass:0)
05-14 23:33:27.127   548   571 W WindowManager: 	at com.android.server.wm.WindowAnimator.executeAfterPrepareSurfacesRunnables(WindowAnimator.java:294)
05-14 23:33:27.127   548   571 W WindowManager: 	at com.android.server.wm.RootWindowContainer.performSurfacePlacementNoTrace(RootWindowContainer.java:811)
05-14 23:33:27.127   548   571 W WindowManager: 	at com.android.server.wm.RootWindowContainer.performSurfacePlacement(RootWindowContainer.java:756)
05-14 23:33:27.127   548   571 W WindowManager: 	at com.android.server.wm.WindowSurfacePlacer.performSurfacePlacementLoop(WindowSurfacePlacer.java:177)
05-14 23:33:27.127   548   571 W WindowManager: 	at com.android.server.wm.WindowSurfacePlacer.performSurfacePlacement(WindowSurfacePlacer.java:126)
05-14 23:33:27.127   548   571 W WindowManager: 	at com.android.server.wm.WindowSurfacePlacer.performSurfacePlacement(WindowSurfacePlacer.java:115)
05-14 23:33:27.127   548   571 W WindowManager: 	at com.android.server.wm.WindowSurfacePlacer$Traverser.run(WindowSurfacePlacer.java:57)
05-14 23:33:27.127   548   571 W WindowManager: 	at android.os.Handler.handleCallback(Handler.java:958)
05-14 23:33:27.127   548   571 W WindowManager: 	at android.os.Handler.dispatchMessage(Handler.java:99)
05-14 23:33:27.127   548   571 W WindowManager: 	at android.os.Looper.loopOnce(Looper.java:205)
05-14 23:33:27.127   548   571 W WindowManager: 	at android.os.Looper.loop(Looper.java:294)
05-14 23:33:27.127   548   571 W WindowManager: 	at android.os.HandlerThread.run(HandlerThread.java:67)
05-14 23:33:27.127   548   571 W WindowManager: 	at com.android.server.ServiceThread.run(ServiceThread.java:46)
05-14 23:33:27.146   548   647 I InputReader: Reconfiguring input devices, changes=KEYBOARD_LAYOUTS
05-14 23:33:27.147  1905  2676 I A       : group apa_head_suggest not present without account in *
05-14 23:33:27.148  1905  2676 I A       : incrementApaDataDownloadStoreStatus(latency = PT0.033S, appVersion = 13.17.16.23, status = NOT_FOUND, locale = *, fileGroupnames = apa_head_suggest, accountScoped = false, localGroupsAvailable = false, timeSinceSearchBoot = Optional[PT3H42M11.191S] (TEN_MINUTES_OR_LONGER), timeSinceDataDownloadInit = PT3H37M12.311S (TEN_MINUTES_OR_LONGER))
05-14 23:33:27.152  1172  1187 W s.nexuslauncher: Reducing the number of considered missed Gc histogram windows from 114 to 100
05-14 23:33:27.155  6711  6711 V MediaPlayerList: mPackageChangedBroadcastReceiver: action: android.intent.action.PACKAGE_REMOVED
05-14 23:33:27.156  6711  6711 V MediaPlayerList: mPackageChangedBroadcastReceiver: action: android.intent.action.PACKAGE_REMOVED
05-14 23:33:27.157  6711  6711 V MediaPlayerList: mPackageChangedBroadcastReceiver: action: android.intent.action.PACKAGE_ADDED
05-14 23:33:27.158   548   658 W PackageConfigPersister: App-specific configuration not found for packageName: com.example.creditcardapp and userId: 0
05-14 23:33:27.159   548   548 D ActivityManager: sync unfroze 8218 com.android.keychain for 10
05-14 23:33:27.160   548   548 D ActivityManager: sync unfroze 9987 com.android.settings for 10
05-14 23:33:27.161   894   961 D StylusManager: Stylus InputDevice changed: 12 virtio_input_multi_touch_9
05-14 23:33:27.167   548   830 E AppOps  : attributionTag VCN not declared in manifest of android
05-14 23:33:27.171   894   961 D StylusManager: Stylus InputDevice changed: 10 virtio_input_multi_touch_7
05-14 23:33:27.170   548   548 I Telecom : CarModeTracker: Package com.example.creditcardapp is not tracked.: SSH.oR@AWM🔒
05-14 23:33:27.170   548   548 I Telecom : InCallController: updateCarModeForConnections: car mode apps: : SSH.oR@AWM🔒
05-14 23:33:27.170   548   548 I Telecom : InCallController: update carmode current:UserHandle{0} parent:null: SSH.oR@AWM🔒
05-14 23:33:27.173   548   548 D CompatibilityChangeReporter: Compat change id reported: 218533173; UID 10194; state: ENABLED
05-14 23:33:27.173   548   548 D CompatibilityChangeReporter: Compat change id reported: 171306433; UID 10194; state: ENABLED
05-14 23:33:27.173   548   548 W AlarmManager: Package com.example.creditcardapp, uid 10194 lost permission to set exact alarms!
05-14 23:33:27.174   548   863 I SdkSandboxManager: No SDKs used. Skipping SDK data reconcilation for CallingInfo{mUid=10194, mPackageName='com.example.creditcardapp, mAppProcessToken='null'}
05-14 23:33:27.176  6711  6711 V MediaPlayerList: mPackageChangedBroadcastReceiver: action: android.intent.action.PACKAGE_ADDED
05-14 23:33:27.184   548   830 E AppOps  : attributionTag VCN not declared in manifest of android
05-14 23:33:27.186   894   918 W ndroid.systemui: Reducing the number of considered missed Gc histogram windows from 114 to 100
05-14 23:33:27.189   548   647 I InputReader: Reconfiguring input devices, changes=KEYBOARD_LAYOUTS
05-14 23:33:27.195   548   878 D ActivityManager: sync unfroze 896 com.google.android.permissioncontroller for 6
05-14 23:33:27.199   896   931 I PermissionControllerServiceImpl: Updating user sensitive for uid 10194
05-14 23:33:27.204  1905  2676 I A       : incrementApaDataDownloadStoreStatusNotFound(appVersion = 13.17.16.23, locale = *, groupName = apa_head_suggest, accountScoped = false, foundGroups = 0, status = 0, localGroupsAvailable = false)
05-14 23:33:27.207   896   896 I SafetyLabelChangedBroadcastReceiver: received broadcast packageName: com.example.creditcardapp, current user: UserHandle{0}, packageChangeEvent: UPDATE, intent user: UserHandle{0}
05-14 23:33:27.212  1122  1122 D CarrierSvcBindHelper: onPackageUpdateFinished: com.example.creditcardapp
05-14 23:33:27.223  1122  1122 D CarrierSvcBindHelper: No carrier app for: 0
05-14 23:33:27.223  1122  1122 D CarrierSvcBindHelper: onPackageModified: com.example.creditcardapp
05-14 23:33:27.224   548   609 D PackageInstallerSession: Marking session 1576762359 as applied
05-14 23:33:27.225  1122  1122 D CarrierSvcBindHelper: No carrier app for: 0
05-14 23:33:27.260   894   961 D StylusManager: Stylus InputDevice changed: 11 virtio_input_multi_touch_8
05-14 23:33:27.229   548   548 W binder:548_B: type=1400 audit(0.0:221): avc:  denied  { getopt } for  scontext=u:r:system_server:s0 tcontext=u:r:shell:s0 tclass=unix_stream_socket permissive=0
05-14 23:33:27.229   548   548 W binder:548_B: type=1400 audit(0.0:222): avc:  denied  { getopt } for  scontext=u:r:system_server:s0 tcontext=u:r:shell:s0 tclass=unix_stream_socket permissive=0
05-14 23:33:27.229   548   548 W binder:548_B: type=1400 audit(0.0:223): avc:  denied  { getopt } for  scontext=u:r:system_server:s0 tcontext=u:r:shell:s0 tclass=unix_stream_socket permissive=0
05-14 23:33:27.276   894   961 D StylusManager: Stylus InputDevice changed: 9 virtio_input_multi_touch_6
05-14 23:33:27.288   548   863 I SdkSandboxManager: No SDKs used. Skipping SDK data reconcilation for CallingInfo{mUid=10194, mPackageName='com.example.creditcardapp, mAppProcessToken='null'}
05-14 23:33:27.293   548   647 I InputReader: Reconfiguring input devices, changes=KEYBOARD_LAYOUTS
05-14 23:33:27.294   894   961 D StylusManager: Stylus InputDevice changed: 7 virtio_input_multi_touch_4
05-14 23:33:27.299   548   830 E AppOps  : attributionTag VCN not declared in manifest of android
05-14 23:33:27.305  1763  1774 I ogle.android.as: Background concurrent copying GC freed 29455(1387KB) AllocSpace objects, 0(0B) LOS objects, 49% free, 7271KB/14MB, paused 36us,16us total 206.012ms
05-14 23:33:27.305  1763  1774 W ogle.android.as: Reducing the number of considered missed Gc histogram windows from 114 to 100
05-14 23:33:27.306   894   961 D StylusManager: Stylus InputDevice changed: 8 virtio_input_multi_touch_5
05-14 23:33:27.310   548   578 W WindowMagnificationMgr: requestConnection duplicated request: connect=false, mConnectionState=DISCONNECTED
05-14 23:33:27.311  1122  1409 D ImsResolver: maybeAddedImsService, packageName: com.example.creditcardapp
05-14 23:33:27.313   894   961 D StylusManager: Stylus InputDevice changed: 6 virtio_input_multi_touch_3
05-14 23:33:27.314   894   961 D StylusManager: Stylus InputDevice changed: 13 virtio_input_multi_touch_10
05-14 23:33:27.322   548   578 W WindowMagnificationMgr: requestConnection duplicated request: connect=false, mConnectionState=DISCONNECTED
05-14 23:33:27.333   894   961 D StylusManager: Stylus InputDevice changed: 5 virtio_input_multi_touch_2
05-14 23:33:27.333   894   961 D StylusManager: Stylus InputDevice changed: 14 virtio_input_multi_touch_11
05-14 23:33:27.335   894   937 V WindowManagerShell: Transition animation finished (aborted=false), notifying core (#70)android.os.BinderProxy@9b29775@0
05-14 23:33:27.335   894   961 D StylusManager: Stylus InputDevice changed: 4 virtio_input_multi_touch_1
05-14 23:33:27.336  6735  6989 I Icing   : IndexChimeraService.getServiceInterface callingPackage=com.google.android.googlequicksearchbox componentName=null serviceId=36
05-14 23:33:27.337   548   567 V WindowManager: Finish Transition #70: created at 05-14 23:33:26.612 collect-started=0.071ms request-sent=0.16ms started=96.752ms ready=96.721ms sent=468.78ms finished=724.128ms
05-14 23:33:27.338   548   957 W WindowManager: Exception thrown during dispatchAppVisibility Window{f20dc60 u0 com.example.creditcardapp/com.example.creditcardapp.MainActivity EXITING}
05-14 23:33:27.338   548   957 W WindowManager: android.os.DeadObjectException
05-14 23:33:27.338   548   957 W WindowManager: 	at android.os.BinderProxy.transactNative(Native Method)
05-14 23:33:27.338   548   957 W WindowManager: 	at android.os.BinderProxy.transact(BinderProxy.java:584)
05-14 23:33:27.338   548   957 W WindowManager: 	at android.view.IWindow$Stub$Proxy.dispatchAppVisibility(IWindow.java:546)
05-14 23:33:27.338   548   957 W WindowManager: 	at com.android.server.wm.WindowState.sendAppVisibilityToClients(WindowState.java:3271)
05-14 23:33:27.338   548   957 W WindowManager: 	at com.android.server.wm.WindowContainer.sendAppVisibilityToClients(WindowContainer.java:1221)
05-14 23:33:27.338   548   957 W WindowManager: 	at com.android.server.wm.WindowToken.setClientVisible(WindowToken.java:409)
05-14 23:33:27.338   548   957 W WindowManager: 	at com.android.server.wm.ActivityRecord.setClientVisible(ActivityRecord.java:6946)
05-14 23:33:27.338   548   957 W WindowManager: 	at com.android.server.wm.ActivityRecord.postApplyAnimation(ActivityRecord.java:5637)
05-14 23:33:27.338   548   957 W WindowManager: 	at com.android.server.wm.ActivityRecord.commitVisibility(ActivityRecord.java:5580)
05-14 23:33:27.338   548   957 W WindowManager: 	at com.android.server.wm.Transition.finishTransition(Transition.java:1151)
05-14 23:33:27.338   548   957 W WindowManager: 	at com.android.server.wm.TransitionController.finishTransition(TransitionController.java:868)
05-14 23:33:27.338   548   957 W WindowManager: 	at com.android.server.wm.WindowOrganizerController.finishTransition(WindowOrganizerController.java:396)
05-14 23:33:27.338   548   957 W WindowManager: 	at android.window.IWindowOrganizerController$Stub.onTransact(IWindowOrganizerController.java:286)
05-14 23:33:27.338   548   957 W WindowManager: 	at com.android.server.wm.WindowOrganizerController.onTransact(WindowOrganizerController.java:181)
05-14 23:33:27.338   548   957 W WindowManager: 	at android.os.Binder.execTransactInternal(Binder.java:1339)
05-14 23:33:27.338   548   957 W WindowManager: 	at android.os.Binder.execTransact(Binder.java:1275)
05-14 23:33:27.338   548   957 I Process : Sending signal. PID: 12192 SIG: 9
05-14 23:33:27.344   548   570 W ActivityManager: setHasOverlayUi called on unknown pid: 12192
05-14 23:33:27.360   894   962 D EGL_emulation: app_time_stats: avg=9270.79ms min=9270.79ms max=9270.79ms count=1
05-14 23:33:27.363   894   961 D StylusManager: Stylus InputDevice changed: 12 virtio_input_multi_touch_9
05-14 23:33:27.364   894   937 V WindowManagerShell: Track 0 became idle
05-14 23:33:27.364   894   937 V WindowManagerShell: All active transition animations finished
05-14 23:33:27.364   894   937 W Looper  : Slow dispatch took 30ms wmshell.main h=android.os.Handler c=com.android.wm.shell.transition.DefaultTransitionHandler$$ExternalSyntheticLambda0@e4fcdd2 m=0
05-14 23:33:27.369   426   426 E BpTransactionCompletedListener: Failed to transact (-32)
05-14 23:33:27.371   894   961 D StylusManager: Stylus InputDevice changed: 10 virtio_input_multi_touch_7
05-14 23:33:27.378   894   961 D StylusManager: Stylus InputDevice changed: 11 virtio_input_multi_touch_8
05-14 23:33:27.386   894   961 D StylusManager: Stylus InputDevice changed: 9 virtio_input_multi_touch_6
05-14 23:33:27.387   894   961 D StylusManager: Stylus InputDevice changed: 7 virtio_input_multi_touch_4
05-14 23:33:27.448  6735 11942 I Icing   : Usage reports ok 0, Failed Usage reports 0, indexed 0, rejected 0
05-14 23:33:27.458  6735  6749 I gle.android.gms: Background concurrent copying GC freed 28095(1366KB) AllocSpace objects, 13(728KB) LOS objects, 49% free, 8788KB/17MB, paused 63us,15us total 345.791ms
05-14 23:33:27.458  6735  6749 W gle.android.gms: Reducing the number of considered missed Gc histogram windows from 112 to 100
05-14 23:33:27.465  5559  5567 I .gms.persistent: Background concurrent copying GC freed 217741(8565KB) AllocSpace objects, 1(20KB) LOS objects, 49% free, 12MB/25MB, paused 66us,21us total 366.973ms
05-14 23:33:27.478   894   962 D EGL_emulation: app_time_stats: avg=23174.10ms min=0.82ms max=1135005.25ms count=49
05-14 23:33:27.513  6735  6808 I Icing   : IndexChimeraService.getServiceInterface callingPackage=com.google.android.gms componentName=null serviceId=30
05-14 23:33:27.541  6735 11942 I Icing   : Usage reports ok 0, Failed Usage reports 0, indexed 0, rejected 0
05-14 23:33:27.578  1763  1763 I AiAiEcho: AppFetcherImpl onPackageChanged com.example.creditcardapp.
05-14 23:33:27.580  1763 12442 I AiAiEcho: AppIndexer Package:[com.example.creditcardapp] UserProfile:[0] Enabled:[true].
05-14 23:33:27.581  1763 12442 I AiAiEcho: AppFetcherImplV2 updateApps package:[com.example.creditcardapp], userId:[0], reason:[package is updated.].
05-14 23:33:27.600  1771  1771 W MediaProvider: WorkProfileOwnerApps cache is empty
05-14 23:33:27.607  1802  1802 I GsaVoiceInteractionSrv: O received Intent { act=android.intent.action.PACKAGE_REMOVED dat=package: flg=0x4000010 (has extras) }
05-14 23:33:27.607  1802  1802 I GsaVoiceInteractionSrv: O received Intent { act=android.intent.action.PACKAGE_ADDED dat=package: flg=0x4000010 (has extras) }
05-14 23:33:27.608  1802  1802 I GsaVoiceInteractionSrv: O received Intent { act=android.intent.action.PACKAGE_REPLACED dat=package: flg=0x4000010 (has extras) }
05-14 23:33:27.612   894   894 D ControlsListingControllerImpl: ServiceConfig reloaded, count: 0
05-14 23:33:27.622   894   894 D ControlsListingControllerImpl: ServiceConfig reloaded, count: 0
05-14 23:33:27.625   894   894 D ControlsListingControllerImpl: ServiceConfig reloaded, count: 0
05-14 23:33:27.668   548  2296 D ActivityManager: sync unfroze 1699 com.google.android.apps.wellbeing for 7
05-14 23:33:27.672   548  2296 W ContentProviderHelper: Slow operation: 52ms so far, now at getContentProviderImpl: after updateOomAdj
05-14 23:33:27.672   548  2296 W ContentProviderHelper: Slow operation: 52ms so far, now at getContentProviderImpl: done!
05-14 23:33:27.682  1699  1743 W TimedProcessReaper: Memory state is: 100
05-14 23:33:27.686   548   559 I system_server: Background concurrent copying GC freed 413612(20MB) AllocSpace objects, 146(3040KB) LOS objects, 47% free, 26MB/50MB, paused 886us,45us total 588.632ms
05-14 23:33:27.766  1699  1715 W .apps.wellbeing: Reducing the number of considered missed Gc histogram windows from 111 to 100
05-14 23:33:27.816  5559 12455 I Fitness : FitCleanupIntentOperation received Intent android.intent.action.PACKAGE_REMOVED [CONTEXT service_id=17 ]
05-14 23:33:27.828  6735 12451 I Auth    : [SupervisedAccountIntentOperation] onHandleIntent(): android.intent.action.PACKAGE_ADDED
05-14 23:33:27.831  6735 12447 W SQLiteLog: (28) double-quoted string literal: "com.example.creditcardapp"
05-14 23:33:27.834  6735  6735 D BoundBrokerSvc: onBind: Intent { act=com.google.android.gms.common.BIND_SHARED_PREFS pkg=com.google.android.gms }
05-14 23:33:27.835  6735  6735 D BoundBrokerSvc: Loading bound service for intent: Intent { act=com.google.android.gms.common.BIND_SHARED_PREFS pkg=com.google.android.gms }
05-14 23:33:27.841  5559 12458 I ProximityAuth: [RecentAppsMediator] Package added: (user=UserHandle{0}) com.example.creditcardapp
05-14 23:33:27.867  6735  6735 D BoundBrokerSvc: onUnbind: Intent { act=com.google.android.gms.common.BIND_SHARED_PREFS pkg=com.google.android.gms }
05-14 23:33:27.913  5559  5597 W ChimeraUtils: Module com.google.android.gms.nearby_en missing resource null(0)
05-14 23:33:27.916  5559  5597 W ChimeraUtils: Module com.google.android.gms.nearby_en missing resource null(0)
05-14 23:33:28.009  6735  6808 I Icing   : IndexChimeraService.getServiceInterface callingPackage=com.google.android.gms componentName=AppsCorpus serviceId=36
05-14 23:33:28.022  6735 10732 I Icing   : Usage reports ok 0, Failed Usage reports 0, indexed 0, rejected 0
05-14 23:33:28.027  1802  1824 I hbox:interactor: Background young concurrent copying GC freed 23511(1280KB) AllocSpace objects, 4(1864KB) LOS objects, 37% free, 5455KB/8676KB, paused 146us,9us total 417.751ms
05-14 23:33:28.031  1802  1824 W hbox:interactor: Reducing the number of considered missed Gc histogram windows from 1332 to 100
05-14 23:33:28.078   894   894 D StatusBarIconController: ignoring old pipeline callbacks, because the new mobile icons are enabled
05-14 23:33:28.080  6735 10732 I Icing   : Indexing com.google.android.gms-apps from com.google.android.gms
05-14 23:33:28.091  6735 10732 I Icing   : Indexing done com.google.android.gms-apps
05-14 23:33:28.093  6735 10732 I Icing   : Indexing com.google.android.gms-apps from com.google.android.gms
05-14 23:33:28.093  6735 10732 I Icing   : Indexing done com.google.android.gms-apps
05-14 23:33:28.248   894   894 D StatusBarIconController: ignoring old pipeline callback because the new wifi icon is enabled
05-14 23:33:28.487   894   962 D EGL_emulation: app_time_stats: avg=4.90ms min=0.89ms max=29.82ms count=59
05-14 23:33:30.372   548  3421 E TaskPersister: File error accessing recents directory (directory doesn't exist?).
05-14 23:33:31.154 12427 12429 I AidlLazyServiceRegistrar: Process has 0 (of 1 available) client(s) in use after notification artd has clients: 0
05-14 23:33:31.154 12427 12429 I AidlLazyServiceRegistrar: Trying to shut down the service. No clients in use for any service in process.
05-14 23:33:31.130     0     0 I servicemanager: Notifying artd they don't (previously: do) have clients when we now have no record of a client
05-14 23:33:31.137     0     0 I servicemanager: Unregistering artd
05-14 23:33:31.142     0     0 I BpBinder: onLastStrongRef automatically unlinking death recipients:
05-14 23:33:31.163 12427 12429 I AidlLazyServiceRegistrar: Unregistered all clients and exiting
05-14 23:33:31.152     0     0 I init    : Service 'artd' (pid 12427) exited with status 0 oneshot service took 4.349000 seconds in background
05-14 23:33:31.157     0     0 I init    : Sending signal 9 to service 'artd' (pid 12427) process group...
05-14 23:33:31.161     0     0 I libprocessgroup: Successfully killed process cgroup uid 1082 pid 12427 in 0ms
05-14 23:33:31.255   894   894 D StatusBarIconController: ignoring old pipeline callback because the new wifi icon is enabled
05-14 23:33:31.436   882   882 I wpa_supplicant: wlan0: CTRL-EVENT-BEACON-LOSS 
05-14 23:33:34.257   894   894 D StatusBarIconController: ignoring old pipeline callback because the new wifi icon is enabled
05-14 23:33:35.180   548  2583 I ActivityManager: Force stopping com.example.creditcardapp appid=10194 user=0: from pid 12471
05-14 23:33:35.186  1122  1122 D CarrierSvcBindHelper: onHandleForceStop: [com.example.creditcardapp]
05-14 23:33:35.187  1122  1122 D CarrierSvcBindHelper: No carrier app for: 0
05-14 23:33:35.237   548  2583 W ActivityTaskManager: callingPackage for (uid=2000, pid=12476) has no WPC
05-14 23:33:35.238   548  2583 D CompatibilityChangeReporter: Compat change id reported: 265464455; UID 10194; state: DISABLED
05-14 23:33:35.238   548  2583 D CompatibilityChangeReporter: Compat change id reported: 265452344; UID 10194; state: DISABLED
05-14 23:33:35.238   548  2583 D CompatibilityChangeReporter: Compat change id reported: 266124927; UID 10194; state: DISABLED
05-14 23:33:35.238   548  2583 D CompatibilityChangeReporter: Compat change id reported: 265451093; UID 10194; state: DISABLED
05-14 23:33:35.238   548  2583 D CompatibilityChangeReporter: Compat change id reported: 265456536; UID 10194; state: DISABLED
05-14 23:33:35.238   548  2583 D CompatibilityChangeReporter: Compat change id reported: 255940284; UID 10194; state: DISABLED
05-14 23:33:35.238   548  2583 D CompatibilityChangeReporter: Compat change id reported: 236283604; UID 10194; state: DISABLED
05-14 23:33:35.238   548  2583 D CompatibilityChangeReporter: Compat change id reported: 263959004; UID 10194; state: DISABLED
05-14 23:33:35.238   548  2583 D CompatibilityChangeReporter: Compat change id reported: 264304459; UID 10194; state: DISABLED
05-14 23:33:35.238   548  2583 D CompatibilityChangeReporter: Compat change id reported: 264301586; UID 10194; state: DISABLED
05-14 23:33:35.238   548  2583 D CompatibilityChangeReporter: Compat change id reported: 254631730; UID 10194; state: DISABLED
05-14 23:33:35.238   548  2583 D CompatibilityChangeReporter: Compat change id reported: 273509367; UID 10194; state: DISABLED
05-14 23:33:35.239   548  2583 D CompatibilityChangeReporter: Compat change id reported: 263259275; UID 10194; state: DISABLED
05-14 23:33:35.239   548  2583 D CompatibilityChangeReporter: Compat change id reported: 174042980; UID 10194; state: DISABLED
05-14 23:33:35.239   548  2583 D CompatibilityChangeReporter: Compat change id reported: 174042936; UID 10194; state: DISABLED
05-14 23:33:35.239   548  2583 D CompatibilityChangeReporter: Compat change id reported: 181136395; UID 10194; state: DISABLED
05-14 23:33:35.241   548  2583 D CompatibilityChangeReporter: Compat change id reported: 194480991; UID 10194; state: ENABLED
05-14 23:33:35.245   548  2583 D CompatibilityChangeReporter: Compat change id reported: 184838306; UID 10194; state: DISABLED
05-14 23:33:35.246   548  2583 D CompatibilityChangeReporter: Compat change id reported: 185004937; UID 10194; state: DISABLED
05-14 23:33:35.246   548  2583 D CompatibilityChangeReporter: Compat change id reported: 197654537; UID 10194; state: ENABLED
05-14 23:33:35.247   548  2583 V SplashScreenExceptionList: SplashScreen checking exception for package com.example.creditcardapp (target sdk:34) -> false
05-14 23:33:35.247   548  2583 D CompatibilityChangeReporter: Compat change id reported: 205907456; UID 10194; state: ENABLED
05-14 23:33:35.251   548  2583 I ActivityTaskManager: START u0 {flg=0x10000000 cmp=com.example.creditcardapp/.MainActivity} with LAUNCH_MULTIPLE from uid 2000 (BAL_ALLOW_PERMISSION) result code=0
