05-14 23:34:20.426  5559 12413 W GlsClientGrpc: 	at czpd.call(:com.google.android.gms@231818047@23.18.18 (190800-535401451):78)
05-14 23:34:20.426  5559 12413 W GlsClientGrpc: 	at java.util.concurrent.FutureTask.run(FutureTask.java:264)
05-14 23:34:20.426  5559 12413 W GlsClientGrpc: 	at aced.c(:com.google.android.gms@231818047@23.18.18 (190800-535401451):6)
05-14 23:34:20.426  5559 12413 W GlsClientGrpc: 	at aced.run(:com.google.android.gms@231818047@23.18.18 (190800-535401451):7)
05-14 23:34:20.426  5559 12413 W GlsClientGrpc: 	at java.util.concurrent.ThreadPoolExecutor.runWorker(ThreadPoolExecutor.java:1145)
05-14 23:34:20.426  5559 12413 W GlsClientGrpc: 	at java.util.concurrent.ThreadPoolExecutor$Worker.run(ThreadPoolExecutor.java:644)
05-14 23:34:20.426  5559 12413 W GlsClientGrpc: 	at acjn.run(:com.google.android.gms@231818047@23.18.18 (190800-535401451):0)
05-14 23:34:20.426  5559 12413 W GlsClientGrpc: 	at java.lang.Thread.run(Thread.java:1012)
05-14 23:34:21.250 12479 12500 D EGL_emulation: app_time_stats: avg=4.71ms min=1.42ms max=16.34ms count=57
05-14 23:34:22.251 12479 12500 D EGL_emulation: app_time_stats: avg=5.12ms min=1.16ms max=17.81ms count=57
05-14 23:34:22.345   894   894 D StatusBarIconController: ignoring old pipeline callback because the new wifi icon is enabled
05-14 23:34:23.258 12479 12500 D EGL_emulation: app_time_stats: avg=4.87ms min=1.25ms max=28.20ms count=58
05-14 23:34:24.268 12479 12500 D EGL_emulation: app_time_stats: avg=4.58ms min=1.15ms max=16.93ms count=59
05-14 23:34:24.505   548  1259 D ConnectivityService: requestNetwork for uid/pid:10194/12479 activeRequest: null callbackRequest: 320 [NetworkRequest [ REQUEST id=321, [ Capabilities: INTERNET&NOT_RESTRICTED&TRUSTED&NOT_VCN_MANAGED Uid: 10194 RequestorUid: 10194 RequestorPkg: com.example.creditcardapp UnderlyingNetworks: Null] ]] callback flags: 0 order: 2147483647
05-14 23:34:24.509   548   817 D WifiNetworkFactory: got request NetworkRequest [ REQUEST id=321, [ Capabilities: INTERNET&NOT_RESTRICTED&TRUSTED&NOT_VCN_MANAGED Uid: 10194 RequestorUid: 10194 RequestorPkg: com.example.creditcardapp UnderlyingNetworks: Null] ]
05-14 23:34:24.509   548   817 D UntrustedWifiNetworkFactory: got request NetworkRequest [ REQUEST id=321, [ Capabilities: INTERNET&NOT_RESTRICTED&TRUSTED&NOT_VCN_MANAGED Uid: 10194 RequestorUid: 10194 RequestorPkg: com.example.creditcardapp UnderlyingNetworks: Null] ]
05-14 23:34:24.509   548   817 D OemPaidWifiNetworkFactory: got request NetworkRequest [ REQUEST id=321, [ Capabilities: INTERNET&NOT_RESTRICTED&TRUSTED&NOT_VCN_MANAGED Uid: 10194 RequestorUid: 10194 RequestorPkg: com.example.creditcardapp UnderlyingNetworks: Null] ]
05-14 23:34:24.509   548   817 D MultiInternetWifiNetworkFactory: got request NetworkRequest [ REQUEST id=321, [ Capabilities: INTERNET&NOT_RESTRICTED&TRUSTED&NOT_VCN_MANAGED Uid: 10194 RequestorUid: 10194 RequestorPkg: com.example.creditcardapp UnderlyingNetworks: Null] ]
05-14 23:34:24.511   548   824 D ConnectivityService: NetReassign [321 : null → 102] [c 0] [a 1] [i 3]
05-14 23:34:24.540 12479 12504 D CompatibilityChangeReporter: Compat change id reported: 263076149; UID 10194; state: ENABLED
05-14 23:34:24.551   548  1259 W AlarmManager: Alarms must either supply a PendingIntent or an AlarmReceiver
05-14 23:34:24.582  5559 12413 W GLSUser : [DeviceKeyStore] Cannot load key: Device key file not found.
05-14 23:34:24.582  5559 12413 W GLSUser : [DeviceKeyStore] Cannot load key: Device key file not found.
05-14 23:34:24.604 12479 12588 I okhttp.OkHttpClient: --> GET https://example.com/api/cards
05-14 23:34:24.605 12479 12588 I okhttp.OkHttpClient: --> END GET
05-14 23:34:24.613   360 12589 I resolv  : GetAddrInfoHandler::run: {102 262246 102 983142 10194 0}
05-14 23:34:24.614   360 12590 I resolv  : res_nmkquery: (QUERY, IN, AAAA)
05-14 23:34:24.615   360 12591 I resolv  : res_nmkquery: (QUERY, IN, A)
05-14 23:34:24.633  5559 12413 W GlsClientGrpc: Voilatile gRPC failure INVALID_ARGUMENT: Application credential header not valid. Please fix the client to pass a valid application credential header. [CONTEXT service_id=6 ]
05-14 23:34:24.633  5559 12413 W GlsClientGrpc: enms: INVALID_ARGUMENT: Application credential header not valid. Please fix the client to pass a valid application credential header.
05-14 23:34:24.633  5559 12413 W GlsClientGrpc: 	at enmr.h(:com.google.android.gms@231818047@23.18.18 (190800-535401451):0)
05-14 23:34:24.633  5559 12413 W GlsClientGrpc: 	at abxw.u(:com.google.android.gms@231818047@23.18.18 (190800-535401451):2)
05-14 23:34:24.633  5559 12413 W GlsClientGrpc: 	at abxw.e(:com.google.android.gms@231818047@23.18.18 (190800-535401451):17)
05-14 23:34:24.633  5559 12413 W GlsClientGrpc: 	at abxw.g(:com.google.android.gms@231818047@23.18.18 (190800-535401451):0)
05-14 23:34:24.633  5559 12413 W GlsClientGrpc: 	at cyeg.a(:com.google.android.gms@231818047@23.18.18 (190800-535401451):27)
05-14 23:34:24.633  5559 12413 W GlsClientGrpc: 	at czpd.call(:com.google.android.gms@231818047@23.18.18 (190800-535401451):78)
05-14 23:34:24.633  5559 12413 W GlsClientGrpc: 	at java.util.concurrent.FutureTask.run(FutureTask.java:264)
05-14 23:34:24.633  5559 12413 W GlsClientGrpc: 	at aced.c(:com.google.android.gms@231818047@23.18.18 (190800-535401451):6)
05-14 23:34:24.633  5559 12413 W GlsClientGrpc: 	at aced.run(:com.google.android.gms@231818047@23.18.18 (190800-535401451):7)
05-14 23:34:24.633  5559 12413 W GlsClientGrpc: 	at java.util.concurrent.ThreadPoolExecutor.runWorker(ThreadPoolExecutor.java:1145)
05-14 23:34:24.633  5559 12413 W GlsClientGrpc: 	at java.util.concurrent.ThreadPoolExecutor$Worker.run(ThreadPoolExecutor.java:644)
05-14 23:34:24.633  5559 12413 W GlsClientGrpc: 	at acjn.run(:com.google.android.gms@231818047@23.18.18 (190800-535401451):0)
05-14 23:34:24.633  5559 12413 W GlsClientGrpc: 	at java.lang.Thread.run(Thread.java:1012)
05-14 23:34:24.645   360 12590 I resolv  : res_nsend: used send_dg 107 terrno: 0
05-14 23:34:24.646   360 12590 I resolv  : doQuery: rcode=0, ancount=2, return value=107
05-14 23:34:24.649   360 12591 I resolv  : res_nsend: used send_dg 83 terrno: 0
05-14 23:34:24.649   360 12591 I resolv  : doQuery: rcode=0, ancount=2, return value=83
05-14 23:34:24.652 12479 12588 D TrafficStats: tagSocket(142) with statsTag=0xffffffff, statsUid=-1
05-14 23:34:25.366   548   957 W ProcessStats: Tracking association SourceState{bd24810 com.example.creditcardapp/10194 BTop #19091} whose proc state 2 is better than process ProcessState{55d02ce com.google.android.gms.persistent/10128 pkg=com.google.android.gms} proc state 4 (7 skipped)
05-14 23:34:25.819 12479 12588 I okhttp.OkHttpClient: <-- 404 https://example.com/api/cards (1213ms)
05-14 23:34:25.819 12479 12588 I okhttp.OkHttpClient: date: Fri, 15 May 2026 03:34:26 GMT
05-14 23:34:25.819 12479 12588 I okhttp.OkHttpClient: content-type: text/html
05-14 23:34:25.820 12479 12588 I okhttp.OkHttpClient: server: cloudflare
05-14 23:34:25.820 12479 12588 I okhttp.OkHttpClient: age: 8365
05-14 23:34:25.820 12479 12588 I okhttp.OkHttpClient: cf-cache-status: HIT
05-14 23:34:25.820 12479 12588 I okhttp.OkHttpClient: cf-ray: 9fbf16428a74c977-IAD
05-14 23:34:25.821 12479 12588 I okhttp.OkHttpClient: <!doctype html><html lang="en"><head><title>Example Domain</title><meta name="viewport" content="width=device-width, initial-scale=1"><style>body{background:#eee;width:60vw;margin:15vh auto;font-family:system-ui,sans-serif}h1{font-size:1.5em}div{opacity:0.8}a:link,a:visited{color:#348}</style></head><body><div><h1>Example Domain</h1><p>This domain is for use in documentation examples without needing permission. Avoid use in operations.</p><p><a href="https://iana.org/domains/example">Learn more</a></p></div></body></html>
05-14 23:34:25.821 12479 12588 I okhttp.OkHttpClient: <-- END HTTP (528-byte body)
05-14 23:34:25.825 12479 12503 I WM-WorkerWrapper: Worker result RETRY for Work [ id=fea8f495-330a-4d81-a631-049762fa6327, tags={ com.example.creditcardapp.work.SyncWorker } ]
05-14 23:34:26.986   548   564 W BatteryExternalStatsWorker: error reading Bluetooth stats: 11
05-14 23:34:27.120  1172  1172 D TaplEvents: TIS / TouchInteractionService.onInputEvent: MotionEvent { action=ACTION_DOWN, actionButton=0, id[0]=0, x[0]=490.95703, y[0]=904.9072, toolType[0]=TOOL_TYPE_FINGER, buttonState=0, classification=NONE, metaState=0, flags=0x0, edgeFlags=0x0, pointerCount=1, historySize=0, eventTime=13441635, downTime=13441635, deviceId=4, source=0x5002, displayId=0, eventId=632709258 }
05-14 23:34:27.246  1172  1172 D TaplEvents: TIS / TouchInteractionService.onInputEvent: MotionEvent { action=ACTION_UP, actionButton=0, id[0]=0, x[0]=490.95703, y[0]=904.9072, toolType[0]=TOOL_TYPE_FINGER, buttonState=0, classification=NONE, metaState=0, flags=0x0, edgeFlags=0x0, pointerCount=1, historySize=0, eventTime=13441761, downTime=13441635, deviceId=4, source=0x5002, displayId=0, eventId=406687914 }
05-14 23:34:28.078   894   894 D StatusBarIconController: ignoring old pipeline callbacks, because the new mobile icons are enabled
05-14 23:34:28.280  1172  1172 D TaplEvents: TIS / TouchInteractionService.onInputEvent: MotionEvent { action=ACTION_DOWN, actionButton=0, id[0]=0, x[0]=80.98047, y[0]=222.94922, toolType[0]=TOOL_TYPE_FINGER, buttonState=0, classification=NONE, metaState=0, flags=0x0, edgeFlags=0x0, pointerCount=1, historySize=0, eventTime=13442796, downTime=13442796, deviceId=4, source=0x5002, displayId=0, eventId=939150810 }
05-14 23:34:28.317 12479 12500 D EGL_emulation: app_time_stats: avg=325.87ms min=1.34ms max=3857.62ms count=12
05-14 23:34:28.418  1172  1172 D TaplEvents: TIS / TouchInteractionService.onInputEvent: MotionEvent { action=ACTION_UP, actionButton=0, id[0]=0, x[0]=80.98047, y[0]=222.94922, toolType[0]=TOOL_TYPE_FINGER, buttonState=0, classification=NONE, metaState=0, flags=0x0, edgeFlags=0x0, pointerCount=1, historySize=0, eventTime=13442934, downTime=13442796, deviceId=4, source=0x5002, displayId=0, eventId=681960456 }
05-14 23:34:28.524   882   882 I wpa_supplicant: wlan0: CTRL-EVENT-BEACON-LOSS 
05-14 23:34:30.151  1172  1172 D TaplEvents: TIS / TouchInteractionService.onInputEvent: MotionEvent { action=ACTION_DOWN, actionButton=0, id[0]=0, x[0]=732.9746, y[0]=203.97949, toolType[0]=TOOL_TYPE_FINGER, buttonState=0, classification=NONE, metaState=0, flags=0x0, edgeFlags=0x0, pointerCount=1, historySize=0, eventTime=13444668, downTime=13444668, deviceId=4, source=0x5002, displayId=0, eventId=246620136 }
05-14 23:34:30.196 12479 12500 D EGL_emulation: app_time_stats: avg=57.83ms min=2.41ms max=1338.30ms count=30
05-14 23:34:30.285  1172  1172 D TaplEvents: TIS / TouchInteractionService.onInputEvent: MotionEvent { action=ACTION_UP, actionButton=0, id[0]=0, x[0]=732.9746, y[0]=203.97949, toolType[0]=TOOL_TYPE_FINGER, buttonState=0, classification=NONE, metaState=0, flags=0x0, edgeFlags=0x0, pointerCount=1, historySize=0, eventTime=13444800, downTime=13444668, deviceId=4, source=0x5002, displayId=0, eventId=228188999 }
05-14 23:34:30.355 12479 12479 W WindowOnBackDispatcher: OnBackInvokedCallback is not enabled for the application.
05-14 23:34:30.355 12479 12479 W WindowOnBackDispatcher: Set 'android:enableOnBackInvokedCallback="true"' in the application manifest.
05-14 23:34:30.482   548   564 W AlarmManager: Alarms must either supply a PendingIntent or an AlarmReceiver
05-14 23:34:30.496  5559 12288 W GLSUser : [DeviceKeyStore] Cannot load key: Device key file not found.
05-14 23:34:30.496  5559 12288 W GLSUser : [DeviceKeyStore] Cannot load key: Device key file not found.
05-14 23:34:30.562  5559 12288 W GlsClientGrpc: Voilatile gRPC failure INVALID_ARGUMENT: Application credential header not valid. Please fix the client to pass a valid application credential header. [CONTEXT service_id=6 ]
05-14 23:34:30.562  5559 12288 W GlsClientGrpc: enms: INVALID_ARGUMENT: Application credential header not valid. Please fix the client to pass a valid application credential header.
05-14 23:34:30.562  5559 12288 W GlsClientGrpc: 	at enmr.h(:com.google.android.gms@231818047@23.18.18 (190800-535401451):0)
05-14 23:34:30.562  5559 12288 W GlsClientGrpc: 	at abxw.u(:com.google.android.gms@231818047@23.18.18 (190800-535401451):2)
05-14 23:34:30.562  5559 12288 W GlsClientGrpc: 	at abxw.e(:com.google.android.gms@231818047@23.18.18 (190800-535401451):17)
05-14 23:34:30.562  5559 12288 W GlsClientGrpc: 	at abxw.g(:com.google.android.gms@231818047@23.18.18 (190800-535401451):0)
05-14 23:34:30.562  5559 12288 W GlsClientGrpc: 	at cyeg.a(:com.google.android.gms@231818047@23.18.18 (190800-535401451):27)
05-14 23:34:30.562  5559 12288 W GlsClientGrpc: 	at czpd.call(:com.google.android.gms@231818047@23.18.18 (190800-535401451):78)
05-14 23:34:30.562  5559 12288 W GlsClientGrpc: 	at java.util.concurrent.FutureTask.run(FutureTask.java:264)
05-14 23:34:30.562  5559 12288 W GlsClientGrpc: 	at aced.c(:com.google.android.gms@231818047@23.18.18 (190800-535401451):6)
05-14 23:34:30.562  5559 12288 W GlsClientGrpc: 	at aced.run(:com.google.android.gms@231818047@23.18.18 (190800-535401451):7)
05-14 23:34:30.562  5559 12288 W GlsClientGrpc: 	at java.util.concurrent.ThreadPoolExecutor.runWorker(ThreadPoolExecutor.java:1145)
05-14 23:34:30.562  5559 12288 W GlsClientGrpc: 	at java.util.concurrent.ThreadPoolExecutor$Worker.run(ThreadPoolExecutor.java:644)
05-14 23:34:30.562  5559 12288 W GlsClientGrpc: 	at acjn.run(:com.google.android.gms@231818047@23.18.18 (190800-535401451):0)
05-14 23:34:30.562  5559 12288 W GlsClientGrpc: 	at java.lang.Thread.run(Thread.java:1012)
05-14 23:34:31.204 12479 12500 D EGL_emulation: app_time_stats: avg=13.98ms min=1.23ms max=66.68ms count=52
05-14 23:34:32.208 12479 12500 D EGL_emulation: app_time_stats: avg=3.21ms min=1.34ms max=13.46ms count=60
05-14 23:34:33.209 12479 12500 D EGL_emulation: app_time_stats: avg=2.80ms min=1.17ms max=10.59ms count=60
05-14 23:34:34.213 12479 12500 D EGL_emulation: app_time_stats: avg=2.86ms min=1.14ms max=16.82ms count=60
05-14 23:34:34.364   894   894 D StatusBarIconController: ignoring old pipeline callback because the new wifi icon is enabled
05-14 23:34:35.218 12479 12500 D EGL_emulation: app_time_stats: avg=2.44ms min=1.21ms max=8.29ms count=60
05-14 23:34:35.412   548   957 D WifiNl80211Manager: Scan result ready event
05-14 23:34:35.412   548   957 D WifiNative: Scan result ready event
05-14 23:34:35.491   548   564 W AlarmManager: Alarms must either supply a PendingIntent or an AlarmReceiver
05-14 23:34:35.494   548   564 W ProcessStats: Tracking association SourceState{bd24810 com.example.creditcardapp/10194 BTop #19106} whose proc state 2 is better than process ProcessState{55d02ce com.google.android.gms.persistent/10128 pkg=com.google.android.gms} proc state 4 (6 skipped)
05-14 23:34:35.524  5559 12288 W GLSUser : [DeviceKeyStore] Cannot load key: Device key file not found.
05-14 23:34:35.524  5559 12288 W GLSUser : [DeviceKeyStore] Cannot load key: Device key file not found.
05-14 23:34:35.561  5559 12288 W GlsClientGrpc: Voilatile gRPC failure INVALID_ARGUMENT: Application credential header not valid. Please fix the client to pass a valid application credential header. [CONTEXT service_id=6 ]
05-14 23:34:35.561  5559 12288 W GlsClientGrpc: enms: INVALID_ARGUMENT: Application credential header not valid. Please fix the client to pass a valid application credential header.
05-14 23:34:35.561  5559 12288 W GlsClientGrpc: 	at enmr.h(:com.google.android.gms@231818047@23.18.18 (190800-535401451):0)
05-14 23:34:35.561  5559 12288 W GlsClientGrpc: 	at abxw.u(:com.google.android.gms@231818047@23.18.18 (190800-535401451):2)
05-14 23:34:35.561  5559 12288 W GlsClientGrpc: 	at abxw.e(:com.google.android.gms@231818047@23.18.18 (190800-535401451):17)
05-14 23:34:35.561  5559 12288 W GlsClientGrpc: 	at abxw.g(:com.google.android.gms@231818047@23.18.18 (190800-535401451):0)
05-14 23:34:35.561  5559 12288 W GlsClientGrpc: 	at cyeg.a(:com.google.android.gms@231818047@23.18.18 (190800-535401451):27)
05-14 23:34:35.561  5559 12288 W GlsClientGrpc: 	at czpd.call(:com.google.android.gms@231818047@23.18.18 (190800-535401451):78)
05-14 23:34:35.561  5559 12288 W GlsClientGrpc: 	at java.util.concurrent.FutureTask.run(FutureTask.java:264)
05-14 23:34:35.561  5559 12288 W GlsClientGrpc: 	at aced.c(:com.google.android.gms@231818047@23.18.18 (190800-535401451):6)
05-14 23:34:35.561  5559 12288 W GlsClientGrpc: 	at aced.run(:com.google.android.gms@231818047@23.18.18 (190800-535401451):7)
05-14 23:34:35.561  5559 12288 W GlsClientGrpc: 	at java.util.concurrent.ThreadPoolExecutor.runWorker(ThreadPoolExecutor.java:1145)
05-14 23:34:35.561  5559 12288 W GlsClientGrpc: 	at java.util.concurrent.ThreadPoolExecutor$Worker.run(ThreadPoolExecutor.java:644)
05-14 23:34:35.561  5559 12288 W GlsClientGrpc: 	at acjn.run(:com.google.android.gms@231818047@23.18.18 (190800-535401451):0)
05-14 23:34:35.561  5559 12288 W GlsClientGrpc: 	at java.lang.Thread.run(Thread.java:1012)
05-14 23:34:36.226 12479 12500 D EGL_emulation: app_time_stats: avg=2.40ms min=1.21ms max=6.90ms count=61
05-14 23:34:37.242 12479 12500 D EGL_emulation: app_time_stats: avg=2.51ms min=1.16ms max=8.19ms count=61
05-14 23:34:37.371   894   894 D StatusBarIconController: ignoring old pipeline callback because the new wifi icon is enabled
05-14 23:34:38.078   894   894 D StatusBarIconController: ignoring old pipeline callbacks, because the new mobile icons are enabled
05-14 23:34:38.244 12479 12500 D EGL_emulation: app_time_stats: avg=2.44ms min=1.20ms max=6.28ms count=60
05-14 23:34:39.259 12479 12500 D EGL_emulation: app_time_stats: avg=2.68ms min=1.23ms max=8.71ms count=61
05-14 23:34:40.273 12479 12500 D EGL_emulation: app_time_stats: avg=2.78ms min=1.14ms max=12.90ms count=61
05-14 23:34:40.374   894   894 D StatusBarIconController: ignoring old pipeline callback because the new wifi icon is enabled
05-14 23:34:40.501  5559  5618 W SystemServiceRegistry: No service published for: wifirtt
05-14 23:34:40.505   548   957 W AlarmManager: Alarms must either supply a PendingIntent or an AlarmReceiver
05-14 23:34:41.278 12479 12500 D EGL_emulation: app_time_stats: avg=2.52ms min=0.99ms max=8.22ms count=60
05-14 23:34:41.303   548   957 D WifiNl80211Manager: Scan result ready event
05-14 23:34:41.303   548   957 D WifiNative: Scan result ready event
05-14 23:34:41.342  5559 12288 W GLSUser : [DeviceKeyStore] Cannot load key: Device key file not found.
05-14 23:34:41.342  5559 12288 W GLSUser : [DeviceKeyStore] Cannot load key: Device key file not found.
05-14 23:34:41.436  5559 12288 W GlsClientGrpc: Voilatile gRPC failure INVALID_ARGUMENT: Application credential header not valid. Please fix the client to pass a valid application credential header. [CONTEXT service_id=6 ]
05-14 23:34:41.436  5559 12288 W GlsClientGrpc: enms: INVALID_ARGUMENT: Application credential header not valid. Please fix the client to pass a valid application credential header.
05-14 23:34:41.436  5559 12288 W GlsClientGrpc: 	at enmr.h(:com.google.android.gms@231818047@23.18.18 (190800-535401451):0)
05-14 23:34:41.436  5559 12288 W GlsClientGrpc: 	at abxw.u(:com.google.android.gms@231818047@23.18.18 (190800-535401451):2)
05-14 23:34:41.436  5559 12288 W GlsClientGrpc: 	at abxw.e(:com.google.android.gms@231818047@23.18.18 (190800-535401451):17)
05-14 23:34:41.436  5559 12288 W GlsClientGrpc: 	at abxw.g(:com.google.android.gms@231818047@23.18.18 (190800-535401451):0)
05-14 23:34:41.436  5559 12288 W GlsClientGrpc: 	at cyeg.a(:com.google.android.gms@231818047@23.18.18 (190800-535401451):27)
05-14 23:34:41.436  5559 12288 W GlsClientGrpc: 	at czpd.call(:com.google.android.gms@231818047@23.18.18 (190800-535401451):78)
05-14 23:34:41.436  5559 12288 W GlsClientGrpc: 	at java.util.concurrent.FutureTask.run(FutureTask.java:264)
05-14 23:34:41.436  5559 12288 W GlsClientGrpc: 	at aced.c(:com.google.android.gms@231818047@23.18.18 (190800-535401451):6)
05-14 23:34:41.436  5559 12288 W GlsClientGrpc: 	at aced.run(:com.google.android.gms@231818047@23.18.18 (190800-535401451):7)
05-14 23:34:41.436  5559 12288 W GlsClientGrpc: 	at java.util.concurrent.ThreadPoolExecutor.runWorker(ThreadPoolExecutor.java:1145)
05-14 23:34:41.436  5559 12288 W GlsClientGrpc: 	at java.util.concurrent.ThreadPoolExecutor$Worker.run(ThreadPoolExecutor.java:644)
05-14 23:34:41.436  5559 12288 W GlsClientGrpc: 	at acjn.run(:com.google.android.gms@231818047@23.18.18 (190800-535401451):0)
05-14 23:34:41.436  5559 12288 W GlsClientGrpc: 	at java.lang.Thread.run(Thread.java:1012)
05-14 23:34:42.296 12479 12500 D EGL_emulation: app_time_stats: avg=2.57ms min=1.07ms max=10.78ms count=61
05-14 23:34:43.310 12479 12500 D EGL_emulation: app_time_stats: avg=2.49ms min=1.16ms max=6.51ms count=61
05-14 23:34:43.376   894   894 D StatusBarIconController: ignoring old pipeline callback because the new wifi icon is enabled
05-14 23:34:43.854  1172  1172 D TaplEvents: TIS / TouchInteractionService.onInputEvent: MotionEvent { action=ACTION_DOWN, actionButton=0, id[0]=0, x[0]=1010.9512, y[0]=237.96387, toolType[0]=TOOL_TYPE_FINGER, buttonState=0, classification=NONE, metaState=0, flags=0x0, edgeFlags=0x0, pointerCount=1, historySize=0, eventTime=13458371, downTime=13458371, deviceId=4, source=0x5002, displayId=0, eventId=781693216 }
05-14 23:34:44.016  1172  1172 D TaplEvents: TIS / TouchInteractionService.onInputEvent: MotionEvent { action=ACTION_UP, actionButton=0, id[0]=0, x[0]=1010.9512, y[0]=237.96387, toolType[0]=TOOL_TYPE_FINGER, buttonState=0, classification=NONE, metaState=0, flags=0x0, edgeFlags=0x0, pointerCount=1, historySize=0, eventTime=13458532, downTime=13458371, deviceId=4, source=0x5002, displayId=0, eventId=470558733 }
05-14 23:34:44.327 12479 12500 D EGL_emulation: app_time_stats: avg=2.50ms min=1.13ms max=6.63ms count=61
05-14 23:34:45.255  1172  1172 D TaplEvents: TIS / TouchInteractionService.onInputEvent: MotionEvent { action=ACTION_DOWN, actionButton=0, id[0]=0, x[0]=114.99414, y[0]=206.98242, toolType[0]=TOOL_TYPE_FINGER, buttonState=0, classification=NONE, metaState=0, flags=0x0, edgeFlags=0x0, pointerCount=1, historySize=0, eventTime=13459772, downTime=13459772, deviceId=4, source=0x5002, displayId=0, eventId=1044233272 }
05-14 23:34:45.329 12479 12500 D EGL_emulation: app_time_stats: avg=2.25ms min=1.09ms max=5.89ms count=60
05-14 23:34:45.363  1172  1172 D TaplEvents: TIS / TouchInteractionService.onInputEvent: MotionEvent { action=ACTION_UP, actionButton=0, id[0]=0, x[0]=114.99414, y[0]=206.98242, toolType[0]=TOOL_TYPE_FINGER, buttonState=0, classification=NONE, metaState=0, flags=0x0, edgeFlags=0x0, pointerCount=1, historySize=0, eventTime=13459880, downTime=13459772, deviceId=4, source=0x5002, displayId=0, eventId=1027166909 }
05-14 23:34:45.510   548   957 W AlarmManager: Alarms must either supply a PendingIntent or an AlarmReceiver
05-14 23:34:45.521  5559 12288 W GLSUser : [DeviceKeyStore] Cannot load key: Device key file not found.
05-14 23:34:45.522  5559 12288 W GLSUser : [DeviceKeyStore] Cannot load key: Device key file not found.
05-14 23:34:45.560  5559 12288 W GlsClientGrpc: Voilatile gRPC failure INVALID_ARGUMENT: Application credential header not valid. Please fix the client to pass a valid application credential header. [CONTEXT service_id=6 ]
05-14 23:34:45.560  5559 12288 W GlsClientGrpc: enms: INVALID_ARGUMENT: Application credential header not valid. Please fix the client to pass a valid application credential header.
05-14 23:34:45.560  5559 12288 W GlsClientGrpc: 	at enmr.h(:com.google.android.gms@231818047@23.18.18 (190800-535401451):0)
05-14 23:34:45.560  5559 12288 W GlsClientGrpc: 	at abxw.u(:com.google.android.gms@231818047@23.18.18 (190800-535401451):2)
05-14 23:34:45.560  5559 12288 W GlsClientGrpc: 	at abxw.e(:com.google.android.gms@231818047@23.18.18 (190800-535401451):17)
05-14 23:34:45.560  5559 12288 W GlsClientGrpc: 	at abxw.g(:com.google.android.gms@231818047@23.18.18 (190800-535401451):0)
05-14 23:34:45.560  5559 12288 W GlsClientGrpc: 	at cyeg.a(:com.google.android.gms@231818047@23.18.18 (190800-535401451):27)
05-14 23:34:45.560  5559 12288 W GlsClientGrpc: 	at czpd.call(:com.google.android.gms@231818047@23.18.18 (190800-535401451):78)
05-14 23:34:45.560  5559 12288 W GlsClientGrpc: 	at java.util.concurrent.FutureTask.run(FutureTask.java:264)
05-14 23:34:45.560  5559 12288 W GlsClientGrpc: 	at aced.c(:com.google.android.gms@231818047@23.18.18 (190800-535401451):6)
05-14 23:34:45.560  5559 12288 W GlsClientGrpc: 	at aced.run(:com.google.android.gms@231818047@23.18.18 (190800-535401451):7)
05-14 23:34:45.560  5559 12288 W GlsClientGrpc: 	at java.util.concurrent.ThreadPoolExecutor.runWorker(ThreadPoolExecutor.java:1145)
05-14 23:34:45.560  5559 12288 W GlsClientGrpc: 	at java.util.concurrent.ThreadPoolExecutor$Worker.run(ThreadPoolExecutor.java:644)
05-14 23:34:45.560  5559 12288 W GlsClientGrpc: 	at acjn.run(:com.google.android.gms@231818047@23.18.18 (190800-535401451):0)
05-14 23:34:45.560  5559 12288 W GlsClientGrpc: 	at java.lang.Thread.run(Thread.java:1012)
05-14 23:34:46.336   548   957 W ProcessStats: Tracking association SourceState{bd24810 com.example.creditcardapp/10194 BTop #19127} whose proc state 2 is better than process ProcessState{55d02ce com.google.android.gms.persistent/10128 pkg=com.google.android.gms} proc state 4 (8 skipped)
05-14 23:34:48.080   894   894 D StatusBarIconController: ignoring old pipeline callbacks, because the new mobile icons are enabled
05-14 23:34:49.394   894   894 D StatusBarIconController: ignoring old pipeline callback because the new wifi icon is enabled
05-14 23:34:49.518   882   882 I wpa_supplicant: wlan0: CTRL-EVENT-BEACON-LOSS 
05-14 23:34:50.529   548   957 W AlarmManager: Alarms must either supply a PendingIntent or an AlarmReceiver
05-14 23:34:50.577  5559 12288 W GLSUser : [DeviceKeyStore] Cannot load key: Device key file not found.
05-14 23:34:50.578  5559 12288 W GLSUser : [DeviceKeyStore] Cannot load key: Device key file not found.
05-14 23:34:50.617  5559 12288 W GlsClientGrpc: Voilatile gRPC failure INVALID_ARGUMENT: Application credential header not valid. Please fix the client to pass a valid application credential header. [CONTEXT service_id=6 ]
05-14 23:34:50.617  5559 12288 W GlsClientGrpc: enms: INVALID_ARGUMENT: Application credential header not valid. Please fix the client to pass a valid application credential header.
05-14 23:34:50.617  5559 12288 W GlsClientGrpc: 	at enmr.h(:com.google.android.gms@231818047@23.18.18 (190800-535401451):0)
05-14 23:34:50.617  5559 12288 W GlsClientGrpc: 	at abxw.u(:com.google.android.gms@231818047@23.18.18 (190800-535401451):2)
05-14 23:34:50.617  5559 12288 W GlsClientGrpc: 	at abxw.e(:com.google.android.gms@231818047@23.18.18 (190800-535401451):17)
05-14 23:34:50.617  5559 12288 W GlsClientGrpc: 	at abxw.g(:com.google.android.gms@231818047@23.18.18 (190800-535401451):0)
05-14 23:34:50.617  5559 12288 W GlsClientGrpc: 	at cyeg.a(:com.google.android.gms@231818047@23.18.18 (190800-535401451):27)
05-14 23:34:50.617  5559 12288 W GlsClientGrpc: 	at czpd.call(:com.google.android.gms@231818047@23.18.18 (190800-535401451):78)
05-14 23:34:50.617  5559 12288 W GlsClientGrpc: 	at java.util.concurrent.FutureTask.run(FutureTask.java:264)
05-14 23:34:50.617  5559 12288 W GlsClientGrpc: 	at aced.c(:com.google.android.gms@231818047@23.18.18 (190800-535401451):6)
05-14 23:34:50.617  5559 12288 W GlsClientGrpc: 	at aced.run(:com.google.android.gms@231818047@23.18.18 (190800-535401451):7)
05-14 23:34:50.617  5559 12288 W GlsClientGrpc: 	at java.util.concurrent.ThreadPoolExecutor.runWorker(ThreadPoolExecutor.java:1145)
05-14 23:34:50.617  5559 12288 W GlsClientGrpc: 	at java.util.concurrent.ThreadPoolExecutor$Worker.run(ThreadPoolExecutor.java:644)
05-14 23:34:50.617  5559 12288 W GlsClientGrpc: 	at acjn.run(:com.google.android.gms@231818047@23.18.18 (190800-535401451):0)
05-14 23:34:50.617  5559 12288 W GlsClientGrpc: 	at java.lang.Thread.run(Thread.java:1012)
05-14 23:34:52.396   894   894 D StatusBarIconController: ignoring old pipeline callback because the new wifi icon is enabled
05-14 23:34:55.405   894   894 D StatusBarIconController: ignoring old pipeline callback because the new wifi icon is enabled
05-14 23:34:55.549   548   564 W AlarmManager: Alarms must either supply a PendingIntent or an AlarmReceiver
05-14 23:34:55.612  5559 12413 W GLSUser : [DeviceKeyStore] Cannot load key: Device key file not found.
05-14 23:34:55.677   548  1259 D ActivityManager: sync unfroze 8574 com.google.android.gms.unstable for 6
05-14 23:34:55.785  8574 12537 W libc    : Access denied finding property "persist.adb.tls_server.enable"
05-14 23:34:55.786  8574 12537 W libc    : Access denied finding property "service.adb.tls.port"
05-14 23:34:55.790   360 12600 I resolv  : GetAddrInfoHandler::run: {102 786534 102 983142 10128 0}
05-14 23:34:55.791  8574 12537 D TrafficStats: tagSocket(111) with statsTag=0x1809, statsUid=-1
05-14 23:34:55.781  8574  8574 W binder:8574_A: type=1400 audit(0.0:226): avc:  denied  { read } for  name="u:object_r:system_adbd_prop:s0" dev="tmpfs" ino=292 scontext=u:r:gmscore_app:s0:c512,c768 tcontext=u:object_r:system_adbd_prop:s0 tclass=file permissive=0 app=com.google.android.gms
05-14 23:34:55.781  8574  8574 W binder:8574_A: type=1400 audit(0.0:227): avc:  denied  { read } for  name="u:object_r:adbd_prop:s0" dev="tmpfs" ino=60 scontext=u:r:gmscore_app:s0:c512,c768 tcontext=u:object_r:adbd_prop:s0 tclass=file permissive=0 app=com.google.android.gms
05-14 23:34:55.869  5559 12413 W GmsUrlRequestImpl: Content-Type header is overwritten.
05-14 23:34:55.870  5559  5813 D TrafficStats: tagSocket(183) with statsTag=0x401, statsUid=10128
05-14 23:34:56.297  5559 12413 W GLSUser : [AppCertManager] Exception while requesting key: 
05-14 23:34:56.297  5559 12413 W GLSUser : java.util.concurrent.ExecutionException: avvw: Parse Proto Exception.
05-14 23:34:56.297  5559 12413 W GLSUser : 	at dlnv.s(:com.google.android.gms@231818047@23.18.18 (190800-535401451):3)
05-14 23:34:56.297  5559 12413 W GLSUser : 	at dlnv.get(:com.google.android.gms@231818047@23.18.18 (190800-535401451):7)
05-14 23:34:56.297  5559 12413 W GLSUser : 	at oub.b(:com.google.android.gms@231818047@23.18.18 (190800-535401451):78)
05-14 23:34:56.297  5559 12413 W GLSUser : 	at otz.a(:com.google.android.gms@231818047@23.18.18 (190800-535401451):8)
05-14 23:34:56.297  5559 12413 W GLSUser : 	at otv.a(:com.google.android.gms@231818047@23.18.18 (190800-535401451):0)
05-14 23:34:56.297  5559 12413 W GLSUser : 	at otx.a(:com.google.android.gms@231818047@23.18.18 (190800-535401451):6)
05-14 23:34:56.297  5559 12413 W GLSUser : 	at otx.b(:com.google.android.gms@231818047@23.18.18 (190800-535401451):0)
05-14 23:34:56.297  5559 12413 W GLSUser : 	at abxk.r(:com.google.android.gms@231818047@23.18.18 (190800-535401451):1)
05-14 23:34:56.297  5559 12413 W GLSUser : 	at abxw.e(:com.google.android.gms@231818047@23.18.18 (190800-535401451):4)
05-14 23:34:56.297  5559 12413 W GLSUser : 	at abxw.g(:com.google.android.gms@231818047@23.18.18 (190800-535401451):0)
05-14 23:34:56.297  5559 12413 W GLSUser : 	at cyeg.a(:com.google.android.gms@231818047@23.18.18 (190800-535401451):27)
05-14 23:34:56.297  5559 12413 W GLSUser : 	at czpd.call(:com.google.android.gms@231818047@23.18.18 (190800-535401451):78)
05-14 23:34:56.297  5559 12413 W GLSUser : 	at java.util.concurrent.FutureTask.run(FutureTask.java:264)
05-14 23:34:56.297  5559 12413 W GLSUser : 	at aced.c(:com.google.android.gms@231818047@23.18.18 (190800-535401451):6)
05-14 23:34:56.297  5559 12413 W GLSUser : 	at aced.run(:com.google.android.gms@231818047@23.18.18 (190800-535401451):7)
05-14 23:34:56.297  5559 12413 W GLSUser : 	at java.util.concurrent.ThreadPoolExecutor.runWorker(ThreadPoolExecutor.java:1145)
05-14 23:34:56.297  5559 12413 W GLSUser : 	at java.util.concurrent.ThreadPoolExecutor$Worker.run(ThreadPoolExecutor.java:644)
05-14 23:34:56.297  5559 12413 W GLSUser : 	at acjn.run(:com.google.android.gms@231818047@23.18.18 (190800-535401451):0)
05-14 23:34:56.297  5559 12413 W GLSUser : 	at java.lang.Thread.run(Thread.java:1012)
05-14 23:34:56.297  5559 12413 W GLSUser : Caused by: avvw: Parse Proto Exception.
05-14 23:34:56.297  5559 12413 W GLSUser : 	at avwn.f(:com.google.android.gms@231818047@23.18.18 (190800-535401451):5)
05-14 23:34:56.297  5559 12413 W GLSUser : 	at avxk.onSucceeded(:com.google.android.gms@231818047@23.18.18 (190800-535401451):0)
05-14 23:34:56.297  5559 12413 W GLSUser : 	at jf.onSucceeded(:com.google.android.gms.dynamite_cronetdynamite@231818047@23.18.18 (190800-0):0)
05-14 23:34:56.297  5559 12413 W GLSUser : 	at ie.run(:com.google.android.gms.dynamite_cronetdynamite@231818047@23.18.18 (190800-0):4)
05-14 23:34:56.297  5559 12413 W GLSUser : 	... 6 more
05-14 23:34:56.297  5559 12413 W GLSUser : Caused by: dzfz: Protocol message contained an invalid tag (zero).
05-14 23:34:56.297  5559 12413 W GLSUser : 	at dzdb.k(:com.google.android.gms@231818047@23.18.18 (190800-535401451):13)
05-14 23:34:56.297  5559 12413 W GLSUser : 	at dzha.c(:com.google.android.gms@231818047@23.18.18 (190800-535401451):47)
05-14 23:34:56.297  5559 12413 W GLSUser : 	at dzha.h(:com.google.android.gms@231818047@23.18.18 (190800-535401451):45)
05-14 23:34:56.297  5559 12413 W GLSUser : 	at dzfd.A(:com.google.android.gms@231818047@23.18.18 (190800-535401451):2)
05-14 23:34:56.297  5559 12413 W GLSUser : 	at dzex.f(:com.google.android.gms@231818047@23.18.18 (190800-535401451):0)
05-14 23:34:56.297  5559 12413 W GLSUser : 	at dzcx.d(:com.google.android.gms@231818047@23.18.18 (190800-535401451):0)
05-14 23:34:56.297  5559 12413 W GLSUser : 	at dzcx.c(:com.google.android.gms@231818047@23.18.18 (190800-535401451):0)
05-14 23:34:56.297  5559 12413 W GLSUser : 	at dzcx.n(:com.google.android.gms@231818047@23.18.18 (190800-535401451):0)
05-14 23:34:56.297  5559 12413 W GLSUser : 	at avwn.h(:com.google.android.gms@231818047@23.18.18 (190800-535401451):7)
05-14 23:34:56.297  5559 12413 W GLSUser : 	at avwn.f(:com.google.android.gms@231818047@23.18.18 (190800-535401451):1)
05-14 23:34:56.297  5559 12413 W GLSUser : 	... 9 more
05-14 23:34:56.299  5559 12413 W GLSUser : [DeviceKeyStore] Cannot load key: Device key file not found.
05-14 23:34:56.355  5559 12413 W GlsClientGrpc: Voilatile gRPC failure INVALID_ARGUMENT: Application credential header not valid. Please fix the client to pass a valid application credential header. [CONTEXT service_id=6 ]
05-14 23:34:56.355  5559 12413 W GlsClientGrpc: enms: INVALID_ARGUMENT: Application credential header not valid. Please fix the client to pass a valid application credential header.
05-14 23:34:56.355  5559 12413 W GlsClientGrpc: 	at enmr.h(:com.google.android.gms@231818047@23.18.18 (190800-535401451):0)
05-14 23:34:56.355  5559 12413 W GlsClientGrpc: 	at abxw.u(:com.google.android.gms@231818047@23.18.18 (190800-535401451):2)
05-14 23:34:56.355  5559 12413 W GlsClientGrpc: 	at abxw.e(:com.google.android.gms@231818047@23.18.18 (190800-535401451):17)
05-14 23:34:56.355  5559 12413 W GlsClientGrpc: 	at abxw.g(:com.google.android.gms@231818047@23.18.18 (190800-535401451):0)
05-14 23:34:56.355  5559 12413 W GlsClientGrpc: 	at cyeg.a(:com.google.android.gms@231818047@23.18.18 (190800-535401451):27)
05-14 23:34:56.355  5559 12413 W GlsClientGrpc: 	at czpd.call(:com.google.android.gms@231818047@23.18.18 (190800-535401451):78)
05-14 23:34:56.355  5559 12413 W GlsClientGrpc: 	at java.util.concurrent.FutureTask.run(FutureTask.java:264)
05-14 23:34:56.355  5559 12413 W GlsClientGrpc: 	at aced.c(:com.google.android.gms@231818047@23.18.18 (190800-535401451):6)
05-14 23:34:56.355  5559 12413 W GlsClientGrpc: 	at aced.run(:com.google.android.gms@231818047@23.18.18 (190800-535401451):7)
05-14 23:34:56.355  5559 12413 W GlsClientGrpc: 	at java.util.concurrent.ThreadPoolExecutor.runWorker(ThreadPoolExecutor.java:1145)
05-14 23:34:56.355  5559 12413 W GlsClientGrpc: 	at java.util.concurrent.ThreadPoolExecutor$Worker.run(ThreadPoolExecutor.java:644)
05-14 23:34:56.355  5559 12413 W GlsClientGrpc: 	at acjn.run(:com.google.android.gms@231818047@23.18.18 (190800-535401451):0)
05-14 23:34:56.355  5559 12413 W GlsClientGrpc: 	at java.lang.Thread.run(Thread.java:1012)
05-14 23:34:57.454   882   882 I wpa_supplicant: wlan0: CTRL-EVENT-BEACON-LOSS 
05-14 23:34:57.474  1172  1172 D TaplEvents: TIS / TouchInteractionService.onInputEvent: MotionEvent { action=ACTION_DOWN, actionButton=0, id[0]=0, x[0]=895.95703, y[0]=206.98242, toolType[0]=TOOL_TYPE_FINGER, buttonState=0, classification=NONE, metaState=0, flags=0x0, edgeFlags=0x0, pointerCount=1, historySize=0, eventTime=13471989, downTime=13471989, deviceId=4, source=0x5002, displayId=0, eventId=646159209 }
05-14 23:34:57.511 12479 12500 D EGL_emulation: app_time_stats: avg=465.80ms min=1.42ms max=11717.05ms count=26
05-14 23:34:57.631  1172  1172 D TaplEvents: TIS / TouchInteractionService.onInputEvent: MotionEvent { action=ACTION_UP, actionButton=0, id[0]=0, x[0]=895.95703, y[0]=206.98242, toolType[0]=TOOL_TYPE_FINGER, buttonState=0, classification=NONE, metaState=0, flags=0x0, edgeFlags=0x0, pointerCount=1, historySize=0, eventTime=13472148, downTime=13471989, deviceId=4, source=0x5002, displayId=0, eventId=701711374 }
05-14 23:34:57.689 12479 12479 W WindowOnBackDispatcher: OnBackInvokedCallback is not enabled for the application.
05-14 23:34:57.689 12479 12479 W WindowOnBackDispatcher: Set 'android:enableOnBackInvokedCallback="true"' in the application manifest.
05-14 23:34:57.728   548  2278 D BiometricService: canAuthenticate: User=0, Caller=0, Authenticators=33023
05-14 23:34:57.729   548  2278 D BiometricService/PreAuthInfo: Package: com.example.creditcardapp Sensor ID: 4 Modality: 8 Status: 7
05-14 23:34:57.729   548  2278 D BiometricService/PreAuthInfo: Package: com.example.creditcardapp Sensor ID: 0 Modality: 2 Status: 7
05-14 23:34:57.729   548  2278 D BiometricService/PreAuthInfo: getCanAuthenticateInternal Modality: 8 AuthenticatorStatus: 7
05-14 23:34:57.729   548  2278 D AuthService: canAuthenticate, userId: 0, callingUserId: 0, authenticators: 33023, result: 11
05-14 23:34:58.078   894   894 D StatusBarIconController: ignoring old pipeline callbacks, because the new mobile icons are enabled
05-14 23:34:58.412   894   894 D StatusBarIconController: ignoring old pipeline callback because the new wifi icon is enabled
05-14 23:34:59.345  1172  1172 D TaplEvents: TIS / TouchInteractionService.onInputEvent: MotionEvent { action=ACTION_DOWN, actionButton=0, id[0]=0, x[0]=75.9707, y[0]=206.98242, toolType[0]=TOOL_TYPE_FINGER, buttonState=0, classification=NONE, metaState=0, flags=0x0, edgeFlags=0x0, pointerCount=1, historySize=0, eventTime=13473854, downTime=13473854, deviceId=4, source=0x5002, displayId=0, eventId=546706162 }
05-14 23:34:59.386 12479 12500 D EGL_emulation: app_time_stats: avg=54.95ms min=12.53ms max=1267.23ms count=34
05-14 23:34:59.487  1172  1172 D TaplEvents: TIS / TouchInteractionService.onInputEvent: MotionEvent { action=ACTION_UP, actionButton=0, id[0]=0, x[0]=75.9707, y[0]=206.98242, toolType[0]=TOOL_TYPE_FINGER, buttonState=0, classification=NONE, metaState=0, flags=0x0, edgeFlags=0x0, pointerCount=1, historySize=0, eventTime=13474003, downTime=13473854, deviceId=4, source=0x5002, displayId=0, eventId=80235147 }
05-14 23:35:00.014  1763  2185 I AiAiEcho: Predicting[0]: 
05-14 23:35:00.014  1763  2185 I AiAiEcho: EchoTargets: 
05-14 23:35:00.014  1763  2185 I AiAiEcho: Filtered by AiAi flag check: 
05-14 23:35:00.016  1763  2185 I AiAiEcho: Ranked targets strategy: SORT, count: 0, ranking metadata: 
05-14 23:35:00.019  1763  2185 I AiAiEcho: #postPredictionTargets: Sending updates to UISurface lockscreen with targets# 0 (types=[])
05-14 23:35:00.024   894   962 D EGL_emulation: app_time_stats: avg=59971.55ms min=59971.55ms max=59971.55ms count=1
05-14 23:35:00.028   894   894 W PageIndicator: Total number of pages invalid: 0. Assuming 1 page.
05-14 23:35:00.316  1172  1172 D TaplEvents: TIS / TouchInteractionService.onInputEvent: MotionEvent { action=ACTION_DOWN, actionButton=0, id[0]=0, x[0]=747.9717, y[0]=203.97949, toolType[0]=TOOL_TYPE_FINGER, buttonState=0, classification=NONE, metaState=0, flags=0x0, edgeFlags=0x0, pointerCount=1, historySize=0, eventTime=13474817, downTime=13474817, deviceId=4, source=0x5002, displayId=0, eventId=271686047 }
05-14 23:35:00.390 12479 12500 D EGL_emulation: app_time_stats: avg=27.76ms min=1.58ms max=426.69ms count=32
05-14 23:35:00.445  1172  1172 D TaplEvents: TIS / TouchInteractionService.onInputEvent: MotionEvent { action=ACTION_UP, actionButton=0, id[0]=0, x[0]=747.9717, y[0]=203.97949, toolType[0]=TOOL_TYPE_FINGER, buttonState=0, classification=NONE, metaState=0, flags=0x0, edgeFlags=0x0, pointerCount=1, historySize=0, eventTime=13474956, downTime=13474817, deviceId=4, source=0x5002, displayId=0, eventId=532239640 }
05-14 23:35:00.466 12479 12479 W WindowOnBackDispatcher: OnBackInvokedCallback is not enabled for the application.
05-14 23:35:00.466 12479 12479 W WindowOnBackDispatcher: Set 'android:enableOnBackInvokedCallback="true"' in the application manifest.
05-14 23:35:00.569   548  2278 W AlarmManager: Alarms must either supply a PendingIntent or an AlarmReceiver
05-14 23:35:00.577  5559 12288 W GLSUser : [DeviceKeyStore] Cannot load key: Device key file not found.
05-14 23:35:00.577  5559 12288 W GLSUser : [DeviceKeyStore] Cannot load key: Device key file not found.
05-14 23:35:00.603   548  2278 W ProcessStats: Tracking association SourceState{6d0577 com.google.android.gms.persistent/10128 BTop #19153} whose proc state 2 is better than process ProcessState{230ad4f com.google.android.gms.unstable/10128 pkg=com.google.android.gms} proc state 14 (22 skipped)
05-14 23:35:00.611  5559 12288 W GlsClientGrpc: Voilatile gRPC failure INVALID_ARGUMENT: Application credential header not valid. Please fix the client to pass a valid application credential header. [CONTEXT service_id=6 ]
05-14 23:35:00.611  5559 12288 W GlsClientGrpc: enms: INVALID_ARGUMENT: Application credential header not valid. Please fix the client to pass a valid application credential header.
05-14 23:35:00.611  5559 12288 W GlsClientGrpc: 	at enmr.h(:com.google.android.gms@231818047@23.18.18 (190800-535401451):0)
05-14 23:35:00.611  5559 12288 W GlsClientGrpc: 	at abxw.u(:com.google.android.gms@231818047@23.18.18 (190800-535401451):2)
05-14 23:35:00.611  5559 12288 W GlsClientGrpc: 	at abxw.e(:com.google.android.gms@231818047@23.18.18 (190800-535401451):17)
05-14 23:35:00.611  5559 12288 W GlsClientGrpc: 	at abxw.g(:com.google.android.gms@231818047@23.18.18 (190800-535401451):0)
05-14 23:35:00.611  5559 12288 W GlsClientGrpc: 	at cyeg.a(:com.google.android.gms@231818047@23.18.18 (190800-535401451):27)
05-14 23:35:00.611  5559 12288 W GlsClientGrpc: 	at czpd.call(:com.google.android.gms@231818047@23.18.18 (190800-535401451):78)
05-14 23:35:00.611  5559 12288 W GlsClientGrpc: 	at java.util.concurrent.FutureTask.run(FutureTask.java:264)
05-14 23:35:00.611  5559 12288 W GlsClientGrpc: 	at aced.c(:com.google.android.gms@231818047@23.18.18 (190800-535401451):6)
05-14 23:35:00.611  5559 12288 W GlsClientGrpc: 	at aced.run(:com.google.android.gms@231818047@23.18.18 (190800-535401451):7)
05-14 23:35:00.611  5559 12288 W GlsClientGrpc: 	at java.util.concurrent.ThreadPoolExecutor.runWorker(ThreadPoolExecutor.java:1145)
05-14 23:35:00.611  5559 12288 W GlsClientGrpc: 	at java.util.concurrent.ThreadPoolExecutor$Worker.run(ThreadPoolExecutor.java:644)
05-14 23:35:00.611  5559 12288 W GlsClientGrpc: 	at acjn.run(:com.google.android.gms@231818047@23.18.18 (190800-535401451):0)
05-14 23:35:00.611  5559 12288 W GlsClientGrpc: 	at java.lang.Thread.run(Thread.java:1012)
05-14 23:35:00.905  8574  8582 W id.gms.unstable: Reducing the number of considered missed Gc histogram windows from 486 to 100
05-14 23:35:01.392 12479 12500 D EGL_emulation: app_time_stats: avg=13.78ms min=1.23ms max=41.14ms count=57
05-14 23:35:02.408 12479 12500 D EGL_emulation: app_time_stats: avg=2.20ms min=1.17ms max=4.09ms count=61
05-14 23:35:03.409 12479 12500 D EGL_emulation: app_time_stats: avg=2.24ms min=1.23ms max=5.58ms count=60
05-14 23:35:04.422   894   894 D StatusBarIconController: ignoring old pipeline callback because the new wifi icon is enabled
05-14 23:35:04.425 12479 12500 D EGL_emulation: app_time_stats: avg=2.42ms min=1.32ms max=4.27ms count=61
05-14 23:35:05.388   882   882 I wpa_supplicant: wlan0: CTRL-EVENT-BEACON-LOSS 
05-14 23:35:05.425 12479 12500 D EGL_emulation: app_time_stats: avg=2.65ms min=1.22ms max=9.80ms count=60
05-14 23:35:05.581  5559  5618 W SystemServiceRegistry: No service published for: wifirtt
05-14 23:35:05.587   548  1850 W AlarmManager: Alarms must either supply a PendingIntent or an AlarmReceiver
05-14 23:35:06.401   548  1850 D WifiNl80211Manager: Scan result ready event
05-14 23:35:06.401   548  1850 D WifiNative: Scan result ready event
05-14 23:35:06.419  5559 12288 W GLSUser : [DeviceKeyStore] Cannot load key: Device key file not found.
05-14 23:35:06.420  5559 12288 W GLSUser : [DeviceKeyStore] Cannot load key: Device key file not found.
05-14 23:35:06.440 12479 12500 D EGL_emulation: app_time_stats: avg=2.27ms min=1.14ms max=10.52ms count=61
05-14 23:35:06.462  5559 12288 W GlsClientGrpc: Voilatile gRPC failure INVALID_ARGUMENT: Application credential header not valid. Please fix the client to pass a valid application credential header. [CONTEXT service_id=6 ]
05-14 23:35:06.462  5559 12288 W GlsClientGrpc: enms: INVALID_ARGUMENT: Application credential header not valid. Please fix the client to pass a valid application credential header.
05-14 23:35:06.462  5559 12288 W GlsClientGrpc: 	at enmr.h(:com.google.android.gms@231818047@23.18.18 (190800-535401451):0)
05-14 23:35:06.462  5559 12288 W GlsClientGrpc: 	at abxw.u(:com.google.android.gms@231818047@23.18.18 (190800-535401451):2)
05-14 23:35:06.462  5559 12288 W GlsClientGrpc: 	at abxw.e(:com.google.android.gms@231818047@23.18.18 (190800-535401451):17)
05-14 23:35:06.462  5559 12288 W GlsClientGrpc: 	at abxw.g(:com.google.android.gms@231818047@23.18.18 (190800-535401451):0)
05-14 23:35:06.462  5559 12288 W GlsClientGrpc: 	at cyeg.a(:com.google.android.gms@231818047@23.18.18 (190800-535401451):27)
05-14 23:35:06.462  5559 12288 W GlsClientGrpc: 	at czpd.call(:com.google.android.gms@231818047@23.18.18 (190800-535401451):78)
05-14 23:35:06.462  5559 12288 W GlsClientGrpc: 	at java.util.concurrent.FutureTask.run(FutureTask.java:264)
05-14 23:35:06.462  5559 12288 W GlsClientGrpc: 	at aced.c(:com.google.android.gms@231818047@23.18.18 (190800-535401451):6)
05-14 23:35:06.462  5559 12288 W GlsClientGrpc: 	at aced.run(:com.google.android.gms@231818047@23.18.18 (190800-535401451):7)
05-14 23:35:06.462  5559 12288 W GlsClientGrpc: 	at java.util.concurrent.ThreadPoolExecutor.runWorker(ThreadPoolExecutor.java:1145)
05-14 23:35:06.462  5559 12288 W GlsClientGrpc: 	at java.util.concurrent.ThreadPoolExecutor$Worker.run(ThreadPoolExecutor.java:644)
05-14 23:35:06.462  5559 12288 W GlsClientGrpc: 	at acjn.run(:com.google.android.gms@231818047@23.18.18 (190800-535401451):0)
05-14 23:35:06.462  5559 12288 W GlsClientGrpc: 	at java.lang.Thread.run(Thread.java:1012)
05-14 23:35:07.426   894   894 D StatusBarIconController: ignoring old pipeline callback because the new wifi icon is enabled
05-14 23:35:07.441 12479 12500 D EGL_emulation: app_time_stats: avg=2.43ms min=1.16ms max=5.37ms count=60
05-14 23:35:08.078   894   894 D StatusBarIconController: ignoring old pipeline callbacks, because the new mobile icons are enabled
05-14 23:35:08.456 12479 12500 D EGL_emulation: app_time_stats: avg=2.28ms min=1.20ms max=6.07ms count=61
05-14 23:35:08.742     0     0 I logd    : logdr: UID=2000 GID=2000 PID=12601 n tail=400 logMask=99 pid=0 start=0ns deadline=0ns
05-14 23:35:09.457 12479 12500 D EGL_emulation: app_time_stats: avg=2.46ms min=1.34ms max=8.12ms count=60
05-14 23:35:10.430   894   894 D StatusBarIconController: ignoring old pipeline callback because the new wifi icon is enabled
05-14 23:35:10.459 12479 12500 D EGL_emulation: app_time_stats: avg=2.31ms min=1.22ms max=3.93ms count=60
05-14 23:35:10.594   548  2278 W AlarmManager: Alarms must either supply a PendingIntent or an AlarmReceiver
05-14 23:35:10.600  5559 12288 W GLSUser : [DeviceKeyStore] Cannot load key: Device key file not found.
05-14 23:35:10.600  5559 12288 W GLSUser : [DeviceKeyStore] Cannot load key: Device key file not found.
05-14 23:35:10.644  5559 12288 W GlsClientGrpc: Voilatile gRPC failure INVALID_ARGUMENT: Application credential header not valid. Please fix the client to pass a valid application credential header. [CONTEXT service_id=6 ]
05-14 23:35:10.644  5559 12288 W GlsClientGrpc: enms: INVALID_ARGUMENT: Application credential header not valid. Please fix the client to pass a valid application credential header.
05-14 23:35:10.644  5559 12288 W GlsClientGrpc: 	at enmr.h(:com.google.android.gms@231818047@23.18.18 (190800-535401451):0)
05-14 23:35:10.644  5559 12288 W GlsClientGrpc: 	at abxw.u(:com.google.android.gms@231818047@23.18.18 (190800-535401451):2)
05-14 23:35:10.644  5559 12288 W GlsClientGrpc: 	at abxw.e(:com.google.android.gms@231818047@23.18.18 (190800-535401451):17)
05-14 23:35:10.644  5559 12288 W GlsClientGrpc: 	at abxw.g(:com.google.android.gms@231818047@23.18.18 (190800-535401451):0)
05-14 23:35:10.644  5559 12288 W GlsClientGrpc: 	at cyeg.a(:com.google.android.gms@231818047@23.18.18 (190800-535401451):27)
05-14 23:35:10.644  5559 12288 W GlsClientGrpc: 	at czpd.call(:com.google.android.gms@231818047@23.18.18 (190800-535401451):78)
05-14 23:35:10.644  5559 12288 W GlsClientGrpc: 	at java.util.concurrent.FutureTask.run(FutureTask.java:264)
