05-14 23:35:10.644  5559 12288 W GlsClientGrpc: 	at aced.c(:com.google.android.gms@231818047@23.18.18 (190800-535401451):6)
05-14 23:35:10.644  5559 12288 W GlsClientGrpc: 	at aced.run(:com.google.android.gms@231818047@23.18.18 (190800-535401451):7)
05-14 23:35:10.644  5559 12288 W GlsClientGrpc: 	at java.util.concurrent.ThreadPoolExecutor.runWorker(ThreadPoolExecutor.java:1145)
05-14 23:35:10.644  5559 12288 W GlsClientGrpc: 	at java.util.concurrent.ThreadPoolExecutor$Worker.run(ThreadPoolExecutor.java:644)
05-14 23:35:10.644  5559 12288 W GlsClientGrpc: 	at acjn.run(:com.google.android.gms@231818047@23.18.18 (190800-535401451):0)
05-14 23:35:10.644  5559 12288 W GlsClientGrpc: 	at java.lang.Thread.run(Thread.java:1012)
05-14 23:35:10.784   548   957 W ProcessStats: Tracking association SourceState{bd24810 com.example.creditcardapp/10194 BTop #19166} whose proc state 2 is better than process ProcessState{55d02ce com.google.android.gms.persistent/10128 pkg=com.google.android.gms} proc state 4 (11 skipped)
05-14 23:35:10.920   548   636 D ActivityManager: freezing 8574 com.google.android.gms.unstable
05-14 23:35:11.473 12479 12500 D EGL_emulation: app_time_stats: avg=2.30ms min=1.44ms max=4.02ms count=61
05-14 23:35:12.493 12479 12500 D EGL_emulation: app_time_stats: avg=2.20ms min=1.29ms max=4.04ms count=61
05-14 23:35:13.435   894   894 D StatusBarIconController: ignoring old pipeline callback because the new wifi icon is enabled
05-14 23:35:13.493 12479 12500 D EGL_emulation: app_time_stats: avg=2.18ms min=1.14ms max=3.53ms count=60
05-14 23:35:14.352   882   882 I wpa_supplicant: wlan0: CTRL-EVENT-BEACON-LOSS 
05-14 23:35:14.493 12479 12500 D EGL_emulation: app_time_stats: avg=2.30ms min=1.31ms max=5.20ms count=60
05-14 23:35:15.434   548   632 W CpuMonitorService: Current CPU frequency (3012809) is greater than maximum CPU frequency (2) for policy ID (0). Skipping CPU frequency policy
05-14 23:35:15.434   548   632 W CpuMonitorService: Current CPU frequency (3064643) is greater than maximum CPU frequency (2) for policy ID (1). Skipping CPU frequency policy
05-14 23:35:15.434   548   632 W CpuMonitorService: Current CPU frequency (3218423) is greater than maximum CPU frequency (2) for policy ID (3). Skipping CPU frequency policy
05-14 23:35:15.509 12479 12500 D EGL_emulation: app_time_stats: avg=2.45ms min=1.09ms max=7.90ms count=61
05-14 23:35:15.602   548  1850 W AlarmManager: Alarms must either supply a PendingIntent or an AlarmReceiver
05-14 23:35:15.626  5559 12288 W GLSUser : [DeviceKeyStore] Cannot load key: Device key file not found.
05-14 23:35:15.626  5559 12288 W GLSUser : [DeviceKeyStore] Cannot load key: Device key file not found.
05-14 23:35:15.664  5559 12288 W GlsClientGrpc: Voilatile gRPC failure INVALID_ARGUMENT: Application credential header not valid. Please fix the client to pass a valid application credential header. [CONTEXT service_id=6 ]
05-14 23:35:15.664  5559 12288 W GlsClientGrpc: enms: INVALID_ARGUMENT: Application credential header not valid. Please fix the client to pass a valid application credential header.
05-14 23:35:15.664  5559 12288 W GlsClientGrpc: 	at enmr.h(:com.google.android.gms@231818047@23.18.18 (190800-535401451):0)
05-14 23:35:15.664  5559 12288 W GlsClientGrpc: 	at abxw.u(:com.google.android.gms@231818047@23.18.18 (190800-535401451):2)
05-14 23:35:15.664  5559 12288 W GlsClientGrpc: 	at abxw.e(:com.google.android.gms@231818047@23.18.18 (190800-535401451):17)
05-14 23:35:15.664  5559 12288 W GlsClientGrpc: 	at abxw.g(:com.google.android.gms@231818047@23.18.18 (190800-535401451):0)
05-14 23:35:15.664  5559 12288 W GlsClientGrpc: 	at cyeg.a(:com.google.android.gms@231818047@23.18.18 (190800-535401451):27)
05-14 23:35:15.664  5559 12288 W GlsClientGrpc: 	at czpd.call(:com.google.android.gms@231818047@23.18.18 (190800-535401451):78)
05-14 23:35:15.664  5559 12288 W GlsClientGrpc: 	at java.util.concurrent.FutureTask.run(FutureTask.java:264)
05-14 23:35:15.664  5559 12288 W GlsClientGrpc: 	at aced.c(:com.google.android.gms@231818047@23.18.18 (190800-535401451):6)
05-14 23:35:15.664  5559 12288 W GlsClientGrpc: 	at aced.run(:com.google.android.gms@231818047@23.18.18 (190800-535401451):7)
05-14 23:35:15.664  5559 12288 W GlsClientGrpc: 	at java.util.concurrent.ThreadPoolExecutor.runWorker(ThreadPoolExecutor.java:1145)
05-14 23:35:15.664  5559 12288 W GlsClientGrpc: 	at java.util.concurrent.ThreadPoolExecutor$Worker.run(ThreadPoolExecutor.java:644)
05-14 23:35:15.664  5559 12288 W GlsClientGrpc: 	at acjn.run(:com.google.android.gms@231818047@23.18.18 (190800-535401451):0)
05-14 23:35:15.664  5559 12288 W GlsClientGrpc: 	at java.lang.Thread.run(Thread.java:1012)
05-14 23:35:15.848     0     0 I logd    : logdr: UID=2000 GID=2000 PID=12604 n tail=0 logMask=99 pid=0 start=0ns deadline=0ns
05-14 23:35:16.510 12479 12500 D EGL_emulation: app_time_stats: avg=2.41ms min=1.07ms max=4.26ms count=60
05-14 23:35:17.528 12479 12500 D EGL_emulation: app_time_stats: avg=2.40ms min=1.30ms max=4.75ms count=61
05-14 23:35:18.079   894   894 D StatusBarIconController: ignoring old pipeline callbacks, because the new mobile icons are enabled
05-14 23:35:18.543 12479 12500 D EGL_emulation: app_time_stats: avg=3.17ms min=1.30ms max=12.58ms count=60
05-14 23:35:19.446   894   894 D StatusBarIconController: ignoring old pipeline callback because the new wifi icon is enabled
05-14 23:35:19.545 12479 12500 D EGL_emulation: app_time_stats: avg=3.46ms min=1.26ms max=14.50ms count=59
05-14 23:35:20.563 12479 12500 D EGL_emulation: app_time_stats: avg=3.07ms min=1.42ms max=12.12ms count=61
05-14 23:35:20.613   548   957 W AlarmManager: Alarms must either supply a PendingIntent or an AlarmReceiver
05-14 23:35:20.642  5559 12288 W GLSUser : [DeviceKeyStore] Cannot load key: Device key file not found.
05-14 23:35:20.643  5559 12288 W GLSUser : [DeviceKeyStore] Cannot load key: Device key file not found.
05-14 23:35:20.677  5559 12288 W GlsClientGrpc: Voilatile gRPC failure INVALID_ARGUMENT: Application credential header not valid. Please fix the client to pass a valid application credential header. [CONTEXT service_id=6 ]
05-14 23:35:20.677  5559 12288 W GlsClientGrpc: enms: INVALID_ARGUMENT: Application credential header not valid. Please fix the client to pass a valid application credential header.
05-14 23:35:20.677  5559 12288 W GlsClientGrpc: 	at enmr.h(:com.google.android.gms@231818047@23.18.18 (190800-535401451):0)
05-14 23:35:20.677  5559 12288 W GlsClientGrpc: 	at abxw.u(:com.google.android.gms@231818047@23.18.18 (190800-535401451):2)
05-14 23:35:20.677  5559 12288 W GlsClientGrpc: 	at abxw.e(:com.google.android.gms@231818047@23.18.18 (190800-535401451):17)
05-14 23:35:20.677  5559 12288 W GlsClientGrpc: 	at abxw.g(:com.google.android.gms@231818047@23.18.18 (190800-535401451):0)
05-14 23:35:20.677  5559 12288 W GlsClientGrpc: 	at cyeg.a(:com.google.android.gms@231818047@23.18.18 (190800-535401451):27)
05-14 23:35:20.677  5559 12288 W GlsClientGrpc: 	at czpd.call(:com.google.android.gms@231818047@23.18.18 (190800-535401451):78)
05-14 23:35:20.677  5559 12288 W GlsClientGrpc: 	at java.util.concurrent.FutureTask.run(FutureTask.java:264)
05-14 23:35:20.677  5559 12288 W GlsClientGrpc: 	at aced.c(:com.google.android.gms@231818047@23.18.18 (190800-535401451):6)
05-14 23:35:20.677  5559 12288 W GlsClientGrpc: 	at aced.run(:com.google.android.gms@231818047@23.18.18 (190800-535401451):7)
05-14 23:35:20.677  5559 12288 W GlsClientGrpc: 	at java.util.concurrent.ThreadPoolExecutor.runWorker(ThreadPoolExecutor.java:1145)
05-14 23:35:20.677  5559 12288 W GlsClientGrpc: 	at java.util.concurrent.ThreadPoolExecutor$Worker.run(ThreadPoolExecutor.java:644)
05-14 23:35:20.677  5559 12288 W GlsClientGrpc: 	at acjn.run(:com.google.android.gms@231818047@23.18.18 (190800-535401451):0)
05-14 23:35:20.677  5559 12288 W GlsClientGrpc: 	at java.lang.Thread.run(Thread.java:1012)
05-14 23:35:21.577 12479 12500 D EGL_emulation: app_time_stats: avg=3.09ms min=1.24ms max=10.65ms count=61
05-14 23:35:22.452   894   894 D StatusBarIconController: ignoring old pipeline callback because the new wifi icon is enabled
05-14 23:35:22.540   882   882 I wpa_supplicant: wlan0: CTRL-EVENT-BEACON-LOSS 
05-14 23:35:22.599 12479 12500 D EGL_emulation: app_time_stats: avg=2.40ms min=1.15ms max=7.20ms count=61
